Archive member included to satisfy reference by file (symbol)

e:/projektai/armgcc/bin/../lib/gcc/arm-none-eabi/5.4.1/../../../../arm-none-eabi/lib/armv7-m\libm.a(lib_a-w_pow.o)
                              ./src/main.o (pow)
e:/projektai/armgcc/bin/../lib/gcc/arm-none-eabi/5.4.1/../../../../arm-none-eabi/lib/armv7-m\libm.a(lib_a-e_pow.o)
                              e:/projektai/armgcc/bin/../lib/gcc/arm-none-eabi/5.4.1/../../../../arm-none-eabi/lib/armv7-m\libm.a(lib_a-w_pow.o) (__ieee754_pow)
e:/projektai/armgcc/bin/../lib/gcc/arm-none-eabi/5.4.1/../../../../arm-none-eabi/lib/armv7-m\libm.a(lib_a-e_sqrt.o)
                              e:/projektai/armgcc/bin/../lib/gcc/arm-none-eabi/5.4.1/../../../../arm-none-eabi/lib/armv7-m\libm.a(lib_a-e_pow.o) (__ieee754_sqrt)
e:/projektai/armgcc/bin/../lib/gcc/arm-none-eabi/5.4.1/../../../../arm-none-eabi/lib/armv7-m\libm.a(lib_a-s_fabs.o)
                              e:/projektai/armgcc/bin/../lib/gcc/arm-none-eabi/5.4.1/../../../../arm-none-eabi/lib/armv7-m\libm.a(lib_a-e_pow.o) (fabs)
e:/projektai/armgcc/bin/../lib/gcc/arm-none-eabi/5.4.1/../../../../arm-none-eabi/lib/armv7-m\libm.a(lib_a-s_finite.o)
                              e:/projektai/armgcc/bin/../lib/gcc/arm-none-eabi/5.4.1/../../../../arm-none-eabi/lib/armv7-m\libm.a(lib_a-w_pow.o) (finite)
e:/projektai/armgcc/bin/../lib/gcc/arm-none-eabi/5.4.1/../../../../arm-none-eabi/lib/armv7-m\libm.a(lib_a-s_lib_ver.o)
                              e:/projektai/armgcc/bin/../lib/gcc/arm-none-eabi/5.4.1/../../../../arm-none-eabi/lib/armv7-m\libm.a(lib_a-w_pow.o) (__fdlib_version)
e:/projektai/armgcc/bin/../lib/gcc/arm-none-eabi/5.4.1/../../../../arm-none-eabi/lib/armv7-m\libm.a(lib_a-s_matherr.o)
                              e:/projektai/armgcc/bin/../lib/gcc/arm-none-eabi/5.4.1/../../../../arm-none-eabi/lib/armv7-m\libm.a(lib_a-w_pow.o) (matherr)
e:/projektai/armgcc/bin/../lib/gcc/arm-none-eabi/5.4.1/../../../../arm-none-eabi/lib/armv7-m\libm.a(lib_a-s_nan.o)
                              e:/projektai/armgcc/bin/../lib/gcc/arm-none-eabi/5.4.1/../../../../arm-none-eabi/lib/armv7-m\libm.a(lib_a-e_pow.o) (nan)
e:/projektai/armgcc/bin/../lib/gcc/arm-none-eabi/5.4.1/../../../../arm-none-eabi/lib/armv7-m\libm.a(lib_a-s_rint.o)
                              e:/projektai/armgcc/bin/../lib/gcc/arm-none-eabi/5.4.1/../../../../arm-none-eabi/lib/armv7-m\libm.a(lib_a-w_pow.o) (rint)
e:/projektai/armgcc/bin/../lib/gcc/arm-none-eabi/5.4.1/../../../../arm-none-eabi/lib/armv7-m\libm.a(lib_a-s_scalbn.o)
                              e:/projektai/armgcc/bin/../lib/gcc/arm-none-eabi/5.4.1/../../../../arm-none-eabi/lib/armv7-m\libm.a(lib_a-e_pow.o) (scalbn)
e:/projektai/armgcc/bin/../lib/gcc/arm-none-eabi/5.4.1/../../../../arm-none-eabi/lib/armv7-m\libm.a(lib_a-s_copysign.o)
                              e:/projektai/armgcc/bin/../lib/gcc/arm-none-eabi/5.4.1/../../../../arm-none-eabi/lib/armv7-m\libm.a(lib_a-s_scalbn.o) (copysign)
e:/projektai/armgcc/bin/../lib/gcc/arm-none-eabi/5.4.1/armv7-m\libgcc.a(_arm_addsubdf3.o)
                              ./src/main.o (__aeabi_dsub)
e:/projektai/armgcc/bin/../lib/gcc/arm-none-eabi/5.4.1/armv7-m\libgcc.a(_arm_muldivdf3.o)
                              ./src/main.o (__aeabi_dmul)
e:/projektai/armgcc/bin/../lib/gcc/arm-none-eabi/5.4.1/armv7-m\libgcc.a(_arm_cmpdf2.o)
                              e:/projektai/armgcc/bin/../lib/gcc/arm-none-eabi/5.4.1/../../../../arm-none-eabi/lib/armv7-m\libm.a(lib_a-w_pow.o) (__aeabi_dcmpeq)
e:/projektai/armgcc/bin/../lib/gcc/arm-none-eabi/5.4.1/armv7-m\libgcc.a(_arm_unorddf2.o)
                              e:/projektai/armgcc/bin/../lib/gcc/arm-none-eabi/5.4.1/../../../../arm-none-eabi/lib/armv7-m\libm.a(lib_a-w_pow.o) (__aeabi_dcmpun)
e:/projektai/armgcc/bin/../lib/gcc/arm-none-eabi/5.4.1/armv7-m\libgcc.a(_arm_truncdfsf2.o)
                              ./src/main.o (__aeabi_d2f)
e:/projektai/armgcc/bin/../lib/gcc/arm-none-eabi/5.4.1/armv7-m\libgcc.a(_arm_addsubsf3.o)
                              ./src/main.o (__aeabi_fsub)
e:/projektai/armgcc/bin/../lib/gcc/arm-none-eabi/5.4.1/armv7-m\libgcc.a(_arm_fixsfsi.o)
                              ./src/main.o (__aeabi_f2iz)
e:/projektai/armgcc/bin/../lib/gcc/arm-none-eabi/5.4.1/../../../../arm-none-eabi/lib/armv7-m\libg_nano.a(lib_a-errno.o)
                              ./system/src/newlib/_sbrk.o (__errno)
e:/projektai/armgcc/bin/../lib/gcc/arm-none-eabi/5.4.1/../../../../arm-none-eabi/lib/armv7-m\libg_nano.a(lib_a-impure.o)
                              e:/projektai/armgcc/bin/../lib/gcc/arm-none-eabi/5.4.1/../../../../arm-none-eabi/lib/armv7-m\libg_nano.a(lib_a-errno.o) (_impure_ptr)
e:/projektai/armgcc/bin/../lib/gcc/arm-none-eabi/5.4.1/../../../../arm-none-eabi/lib/armv7-m\libg_nano.a(lib_a-memset.o)
                              ./src/usart.o (memset)
[...]
Memory Configuration

Name             Origin             Length             Attributes
RAM              0x20000000         0x00005000         xrw
CCMRAM           0x00000000         0x00000000         xrw
FLASH            0x08000000         0x00010000         xr
FLASHB1          0x00000000         0x00000000         xr
EXTMEMB0         0x00000000         0x00000000         xr
EXTMEMB1         0x00000000         0x00000000         xr
EXTMEMB2         0x00000000         0x00000000         xr
EXTMEMB3         0x00000000         0x00000000         xr
MEMORY_ARRAY     0x00000000         0x00000000         xrw
*default*        0x00000000         0xffffffff

Linker script and memory map

LOAD ./system/src/stm32f1-stdperiph/misc.o
LOAD ./system/src/stm32f1-stdperiph/stm32f10x_adc.o
LOAD ./system/src/stm32f1-stdperiph/stm32f10x_bkp.o
LOAD ./system/src/stm32f1-stdperiph/stm32f10x_can.o
LOAD ./system/src/stm32f1-stdperiph/stm32f10x_cec.o
LOAD ./system/src/stm32f1-stdperiph/stm32f10x_crc.o
LOAD ./system/src/stm32f1-stdperiph/stm32f10x_dac.o
LOAD ./system/src/stm32f1-stdperiph/stm32f10x_dbgmcu.o
LOAD ./system/src/stm32f1-stdperiph/stm32f10x_dma.o
LOAD ./system/src/stm32f1-stdperiph/stm32f10x_exti.o
LOAD ./system/src/stm32f1-stdperiph/stm32f10x_flash.o
LOAD ./system/src/stm32f1-stdperiph/stm32f10x_fsmc.o
LOAD ./system/src/stm32f1-stdperiph/stm32f10x_gpio.o
LOAD ./system/src/stm32f1-stdperiph/stm32f10x_i2c.o
LOAD ./system/src/stm32f1-stdperiph/stm32f10x_iwdg.o
LOAD ./system/src/stm32f1-stdperiph/stm32f10x_pwr.o
LOAD ./system/src/stm32f1-stdperiph/stm32f10x_rcc.o
LOAD ./system/src/stm32f1-stdperiph/stm32f10x_rtc.o
LOAD ./system/src/stm32f1-stdperiph/stm32f10x_sdio.o
LOAD ./system/src/stm32f1-stdperiph/stm32f10x_spi.o
LOAD ./system/src/stm32f1-stdperiph/stm32f10x_tim.o
LOAD ./system/src/stm32f1-stdperiph/stm32f10x_usart.o
LOAD ./system/src/stm32f1-stdperiph/stm32f10x_wwdg.o
LOAD ./system/src/newlib/_cxx.o
LOAD ./system/src/newlib/_exit.o
LOAD ./system/src/newlib/_sbrk.o
LOAD ./system/src/newlib/_startup.o
LOAD ./system/src/newlib/_syscalls.o
LOAD ./system/src/newlib/assert.o
LOAD ./system/src/diag/Trace.o
LOAD ./system/src/diag/trace_impl.o
LOAD ./system/src/cortexm/_initialize_hardware.o
LOAD ./system/src/cortexm/_reset_hardware.o
LOAD ./system/src/cortexm/exception_handlers.o
LOAD ./system/src/cmsis/system_stm32f10x.o
LOAD ./system/src/cmsis/vectors_stm32f10x.o
LOAD ./src/ds1307.o
LOAD ./src/i2c.o
LOAD ./src/i2cm.o
LOAD ./src/main.o
LOAD ./src/milli-timer.o
LOAD ./src/rda5807.o
LOAD ./src/systick-utils.o
LOAD ./src/usart.o
LOAD e:/projektai/armgcc/bin/../lib/gcc/arm-none-eabi/5.4.1/../../../../arm-none-eabi/lib/armv7-m\libstdc++_nano.a
LOAD e:/projektai/armgcc/bin/../lib/gcc/arm-none-eabi/5.4.1/../../../../arm-none-eabi/lib/armv7-m\libm.a
START GROUP
LOAD e:/projektai/armgcc/bin/../lib/gcc/arm-none-eabi/5.4.1/armv7-m\libgcc.a
LOAD e:/projektai/armgcc/bin/../lib/gcc/arm-none-eabi/5.4.1/../../../../arm-none-eabi/lib/armv7-m\libg_nano.a
LOAD e:/projektai/armgcc/bin/../lib/gcc/arm-none-eabi/5.4.1/../../../../arm-none-eabi/lib/armv7-m\libc_nano.a
END GROUP
START GROUP
LOAD e:/projektai/armgcc/bin/../lib/gcc/arm-none-eabi/5.4.1/armv7-m\libgcc.a
LOAD e:/projektai/armgcc/bin/../lib/gcc/arm-none-eabi/5.4.1/../../../../arm-none-eabi/lib/armv7-m\libc_nano.a
END GROUP
                0x20005000                __stack = (ORIGIN (RAM) + LENGTH (RAM))
                0x20005000                _estack = __stack
                0x00000400                __Main_Stack_Size = 0x400
                [!provide]                PROVIDE (_Main_Stack_Size, __Main_Stack_Size)
                0x20004c00                __Main_Stack_Limit = (__stack - __Main_Stack_Size)
                [!provide]                PROVIDE (_Main_Stack_Limit, __Main_Stack_Limit)
                0x00000100                _Minimum_Stack_Size = 0x100
                0x2000088c                PROVIDE (_Heap_Begin, _end_noinit)
                0x20004c00                PROVIDE (_Heap_Limit, (__stack - __Main_Stack_Size))

.isr_vector     0x08000000      0x354
 FILL mask 0xff
                0x08000000                __vectors_start = ABSOLUTE (.)
                0x08000000                __vectors_start__ = ABSOLUTE (.)
 *(.isr_vector)
 .isr_vector    0x08000000      0x10c ./system/src/cmsis/vectors_stm32f10x.o
                0x08000000                __isr_vectors
 *(.cfmconfig)
 *(.after_vectors .after_vectors.*)
 .after_vectors
                0x0800010c      0x114 ./system/src/newlib/_startup.o
                0x0800010c                _start
 .after_vectors
                0x08000220      0x130 ./system/src/cortexm/exception_handlers.o
                0x08000220                Reset_Handler
                0x08000228                NMI_Handler
                0x0800022c                HardFault_Handler
                0x08000240                HardFault_Handler_C
                0x080002a0                MemManage_Handler
                0x080002a4                BusFault_Handler
                0x080002b8                BusFault_Handler_C
                0x080002ec                UsageFault_Handler
                0x08000300                UsageFault_Handler_C
                0x08000334                SVC_Handler
                0x08000338                DebugMon_Handler
                0x0800033c                PendSV_Handler
 .after_vectors
                0x08000350        0x4 ./system/src/cmsis/vectors_stm32f10x.o
                0x08000350                EXTI2_IRQHandler
                0x08000350                TIM8_TRG_COM_IRQHandler
                0x08000350                TIM8_CC_IRQHandler
                0x08000350                TIM1_CC_IRQHandler
                0x08000350                TIM6_IRQHandler
                0x08000350                PVD_IRQHandler
                0x08000350                SDIO_IRQHandler
                0x08000350                CAN2_RX1_IRQHandler
                0x08000350                EXTI3_IRQHandler
                0x08000350                TIM8_TRG_COM_TIM14_IRQHandler
                0x08000350                TIM1_UP_TIM10_IRQHandler
                0x08000350                TIM8_UP_TIM13_IRQHandler
                0x08000350                EXTI0_IRQHandler
                0x08000350                I2C2_EV_IRQHandler
                0x08000350                CAN1_RX0_IRQHandler
                0x08000350                TIM1_UP_TIM16_IRQHandler
                0x08000350                CAN2_SCE_IRQHandler
                0x08000350                ADC1_2_IRQHandler
                0x08000350                SPI1_IRQHandler
                0x08000350                TAMPER_IRQHandler
                0x08000350                TIM6_DAC_IRQHandler
                0x08000350                TIM1_BRK_TIM9_IRQHandler
                0x08000350                CAN2_RX0_IRQHandler
                0x08000350                TIM8_UP_IRQHandler
                0x08000350                DMA2_Channel2_IRQHandler
                0x08000350                DMA1_Channel4_IRQHandler
                0x08000350                USART3_IRQHandler
                0x08000350                RTC_IRQHandler
                0x08000350                DMA1_Channel7_IRQHandler
                0x08000350                CAN1_RX1_IRQHandler
                0x08000350                UART5_IRQHandler
                0x08000350                ADC3_IRQHandler
                0x08000350                TIM4_IRQHandler
                0x08000350                DMA2_Channel1_IRQHandler
                0x08000350                I2C1_EV_IRQHandler
                0x08000350                DMA1_Channel6_IRQHandler
                0x08000350                UART4_IRQHandler
                0x08000350                DMA2_Channel4_IRQHandler
                0x08000350                RCC_IRQHandler
                0x08000350                TIM8_BRK_TIM12_IRQHandler
                0x08000350                TIM1_TRG_COM_IRQHandler
                0x08000350                DMA1_Channel1_IRQHandler
                0x08000350                Default_Handler
                0x08000350                CEC_IRQHandler
                0x08000350                EXTI15_10_IRQHandler
                0x08000350                TIM14_IRQHandler
                0x08000350                TIM13_IRQHandler
                0x08000350                TIM12_IRQHandler
                0x08000350                TIM7_IRQHandler
                0x08000350                CAN2_TX_IRQHandler
                0x08000350                TIM5_IRQHandler
                0x08000350                EXTI9_5_IRQHandler
                0x08000350                ETH_WKUP_IRQHandler
                0x08000350                SPI2_IRQHandler
                0x08000350                CAN1_TX_IRQHandler
                0x08000350                DMA2_Channel5_IRQHandler
                0x08000350                DMA1_Channel5_IRQHandler
                0x08000350                EXTI4_IRQHandler
                0x08000350                USB_LP_CAN1_RX0_IRQHandler
                0x08000350                TIM1_TRG_COM_TIM17_IRQHandler
                0x08000350                USB_HP_CAN1_TX_IRQHandler
                0x08000350                DMA1_Channel3_IRQHandler
                0x08000350                FSMC_IRQHandler
                0x08000350                ETH_IRQHandler
                0x08000350                TIM1_UP_IRQHandler
                0x08000350                WWDG_IRQHandler
                0x08000350                TIM2_IRQHandler
                0x08000350                OTG_FS_WKUP_IRQHandler
                0x08000350                TIM1_TRG_COM_TIM11_IRQHandler
                0x08000350                TIM1_BRK_IRQHandler
                0x08000350                EXTI1_IRQHandler
                0x08000350                RTCAlarm_IRQHandler
                0x08000350                DMA2_Channel4_5_IRQHandler
                0x08000350                USART2_IRQHandler
                0x08000350                I2C2_ER_IRQHandler
                0x08000350                DMA1_Channel2_IRQHandler
                0x08000350                TIM8_BRK_IRQHandler
                0x08000350                CAN1_SCE_IRQHandler
                0x08000350                FLASH_IRQHandler
                0x08000350                USART1_IRQHandler
                0x08000350                OTG_FS_IRQHandler
                0x08000350                SPI3_IRQHandler
                0x08000350                I2C1_ER_IRQHandler
                0x08000350                USBWakeUp_IRQHandler
                0x08000350                DMA2_Channel3_IRQHandler
                0x08000350                TIM1_BRK_TIM15_IRQHandler

.inits          0x08000354       0x28
                0x08000354                __data_regions_array_start = .
                0x08000354        0x4 LONG 0x80075ac LOADADDR (.data)
                0x08000358        0x4 LONG 0x20000000 ADDR (.data)
                0x0800035c        0x4 LONG 0x200000c0 (ADDR (.data) + SIZEOF (.data))
                0x08000360        0x4 LONG 0x80075ac LOADADDR (.data_CCMRAM)
                0x08000364        0x4 LONG 0x0 ADDR (.data_CCMRAM)
                0x08000368        0x4 LONG 0x0 (ADDR (.data_CCMRAM) + SIZEOF (.data_CCMRAM))
                0x0800036c                __data_regions_array_end = .
                0x0800036c                __bss_regions_array_start = .
                0x0800036c        0x4 LONG 0x200000c0 ADDR (.bss)
                0x08000370        0x4 LONG 0x2000088c (ADDR (.bss) + SIZEOF (.bss))
                0x08000374        0x4 LONG 0x0 ADDR (.bss_CCMRAM)
                0x08000378        0x4 LONG 0x0 (ADDR (.bss_CCMRAM) + SIZEOF (.bss_CCMRAM))
                0x0800037c                __bss_regions_array_end = .
 *(.init)
 *(.fini)
                0x0800037c                . = ALIGN (0x4)
                0x0800037c                PROVIDE (__preinit_array_start, .)
 *(.preinit_array_sysinit .preinit_array_sysinit.*)
 *(.preinit_array_platform .preinit_array_platform.*)
 *(.preinit_array .preinit_array.*)
                0x0800037c                PROVIDE (__preinit_array_end, .)
                0x0800037c                . = ALIGN (0x4)
                0x0800037c                PROVIDE (__init_array_start, .)
 *(SORT(.init_array.*))
 *(.init_array)
                0x0800037c                PROVIDE (__init_array_end, .)
                0x0800037c                . = ALIGN (0x4)
                0x0800037c                PROVIDE (__fini_array_start, .)
 *(SORT(.fini_array.*))
 *(.fini_array)
                0x0800037c                PROVIDE (__fini_array_end, .)

.flashtext
 *(.flashtext .flashtext.*)

.text           0x08000380     0x722b
 *(.text .text.*)
 .text.NVIC_PriorityGroupConfig
                0x08000380       0x40 ./system/src/stm32f1-stdperiph/misc.o
                0x08000380                NVIC_PriorityGroupConfig
 .text.NVIC_Init
                0x080003c0       0x98 ./system/src/stm32f1-stdperiph/misc.o
                0x080003c0                NVIC_Init
 .text.ADC_DeInit
                0x08000458       0x88 ./system/src/stm32f1-stdperiph/stm32f10x_adc.o
                0x08000458                ADC_DeInit
 .text.ADC_Init
                0x080004e0      0x148 ./system/src/stm32f1-stdperiph/stm32f10x_adc.o
                0x080004e0                ADC_Init
 .text.ADC_Cmd  0x08000628       0x54 ./system/src/stm32f1-stdperiph/stm32f10x_adc.o
                0x08000628                ADC_Cmd
 .text.ADC_ResetCalibration
                0x0800067c       0x38 ./system/src/stm32f1-stdperiph/stm32f10x_adc.o
                0x0800067c                ADC_ResetCalibration
 .text.ADC_GetResetCalibrationStatus
                0x080006b4       0x3c ./system/src/stm32f1-stdperiph/stm32f10x_adc.o
                0x080006b4                ADC_GetResetCalibrationStatus
 .text.ADC_StartCalibration
                0x080006f0       0x38 ./system/src/stm32f1-stdperiph/stm32f10x_adc.o
                0x080006f0                ADC_StartCalibration
 .text.ADC_GetCalibrationStatus
                0x08000728       0x3c ./system/src/stm32f1-stdperiph/stm32f10x_adc.o
                0x08000728                ADC_GetCalibrationStatus
 .text.ADC_SoftwareStartConvCmd
                0x08000764       0x54 ./system/src/stm32f1-stdperiph/stm32f10x_adc.o
                0x08000764                ADC_SoftwareStartConvCmd
 .text.ADC_RegularChannelConfig
                0x080007b8       0xec ./system/src/stm32f1-stdperiph/stm32f10x_adc.o
                0x080007b8                ADC_RegularChannelConfig
 .text.ADC_GetConversionValue
                0x080008a4       0x34 ./system/src/stm32f1-stdperiph/stm32f10x_adc.o
                0x080008a4                ADC_GetConversionValue
 .text.ADC_GetFlagStatus
                0x080008d8       0x5c ./system/src/stm32f1-stdperiph/stm32f10x_adc.o
                0x080008d8                ADC_GetFlagStatus
 .text.GPIO_Init
                0x08000934      0x128 ./system/src/stm32f1-stdperiph/stm32f10x_gpio.o
                0x08000934                GPIO_Init
 .text.GPIO_SetBits
                0x08000a5c       0x60 ./system/src/stm32f1-stdperiph/stm32f10x_gpio.o
                0x08000a5c                GPIO_SetBits
 .text.GPIO_ResetBits
                0x08000abc       0x60 ./system/src/stm32f1-stdperiph/stm32f10x_gpio.o
                0x08000abc                GPIO_ResetBits
 .text.GPIO_PinRemapConfig
                0x08000b1c      0x1d0 ./system/src/stm32f1-stdperiph/stm32f10x_gpio.o
                0x08000b1c                GPIO_PinRemapConfig
 .text.I2C_Init
                0x08000cec      0x174 ./system/src/stm32f1-stdperiph/stm32f10x_i2c.o
                0x08000cec                I2C_Init
 .text.I2C_Cmd  0x08000e60       0x50 ./system/src/stm32f1-stdperiph/stm32f10x_i2c.o
                0x08000e60                I2C_Cmd
 .text.I2C_GenerateSTART
                0x08000eb0       0x50 ./system/src/stm32f1-stdperiph/stm32f10x_i2c.o
                0x08000eb0                I2C_GenerateSTART
 .text.I2C_GenerateSTOP
                0x08000f00       0x50 ./system/src/stm32f1-stdperiph/stm32f10x_i2c.o
                0x08000f00                I2C_GenerateSTOP
 .text.I2C_AcknowledgeConfig
                0x08000f50       0x50 ./system/src/stm32f1-stdperiph/stm32f10x_i2c.o
                0x08000f50                I2C_AcknowledgeConfig
 .text.I2C_SendData
                0x08000fa0       0x2c ./system/src/stm32f1-stdperiph/stm32f10x_i2c.o
                0x08000fa0                I2C_SendData
 .text.I2C_ReceiveData
                0x08000fcc       0x2c ./system/src/stm32f1-stdperiph/stm32f10x_i2c.o
                0x08000fcc                I2C_ReceiveData
 .text.I2C_Send7bitAddress
                0x08000ff8       0x48 ./system/src/stm32f1-stdperiph/stm32f10x_i2c.o
                0x08000ff8                I2C_Send7bitAddress
 .text.I2C_CheckEvent
                0x08001040       0xf0 ./system/src/stm32f1-stdperiph/stm32f10x_i2c.o
                0x08001040                I2C_CheckEvent
 .text.I2C_GetFlagStatus
                0x08001130       0xf4 ./system/src/stm32f1-stdperiph/stm32f10x_i2c.o
                0x08001130                I2C_GetFlagStatus
 .text.RCC_ADCCLKConfig
                0x08001224       0x38 ./system/src/stm32f1-stdperiph/stm32f10x_rcc.o
                0x08001224                RCC_ADCCLKConfig
 .text.RCC_GetClocksFreq
                0x0800125c       0xc4 ./system/src/stm32f1-stdperiph/stm32f10x_rcc.o
                0x0800125c                RCC_GetClocksFreq
 .text.RCC_APB2PeriphClockCmd
                0x08001320       0x4c ./system/src/stm32f1-stdperiph/stm32f10x_rcc.o
                0x08001320                RCC_APB2PeriphClockCmd
 .text.RCC_APB1PeriphClockCmd
                0x0800136c       0x4c ./system/src/stm32f1-stdperiph/stm32f10x_rcc.o
                0x0800136c                RCC_APB1PeriphClockCmd
 .text.RCC_APB2PeriphResetCmd
                0x080013b8       0x4c ./system/src/stm32f1-stdperiph/stm32f10x_rcc.o
                0x080013b8                RCC_APB2PeriphResetCmd
 .text.TIM_TimeBaseInit
                0x08001404      0x15c ./system/src/stm32f1-stdperiph/stm32f10x_tim.o
                0x08001404                TIM_TimeBaseInit
 .text.TIM_Cmd  0x08001560       0xc8 ./system/src/stm32f1-stdperiph/stm32f10x_tim.o
                0x08001560                TIM_Cmd
 .text.TIM_ITConfig
                0x08001628       0xd8 ./system/src/stm32f1-stdperiph/stm32f10x_tim.o
                0x08001628                TIM_ITConfig
 .text.TIM_ClearITPendingBit
                0x08001700       0xb8 ./system/src/stm32f1-stdperiph/stm32f10x_tim.o
                0x08001700                TIM_ClearITPendingBit
 .text.USART_Init
                0x080017b8      0x1ac ./system/src/stm32f1-stdperiph/stm32f10x_usart.o
                0x080017b8                USART_Init
 .text.USART_Cmd
                0x08001964       0x68 ./system/src/stm32f1-stdperiph/stm32f10x_usart.o
                0x08001964                USART_Cmd
 .text.USART_ITConfig
                0x080019cc       0xec ./system/src/stm32f1-stdperiph/stm32f10x_usart.o
                0x080019cc                USART_ITConfig
 .text._exit    0x08001ab8        0x4 ./system/src/newlib/_exit.o
                0x08001ab8                _exit
 .text.abort    0x08001abc       0x14 ./system/src/newlib/_exit.o
                0x08001abc                abort
 .text._sbrk    0x08001ad0       0x44 ./system/src/newlib/_sbrk.o
                0x08001ad0                _sbrk
 .text.__initialize_args
                0x08001b14       0x10 ./system/src/newlib/_syscalls.o
                0x08001b14                __initialize_args
 .text.assert_failed
                0x08001b24       0x14 ./system/src/newlib/assert.o
                0x08001b24                assert_failed
 .text.trace_printf
                0x08001b38       0x30 ./system/src/diag/Trace.o
                0x08001b38                trace_printf
 .text.trace_puts
                0x08001b68       0x20 ./system/src/diag/Trace.o
                0x08001b68                trace_puts
 .text._trace_write_semihosting_debug
                0x08001b88       0x64 ./system/src/diag/trace_impl.o
 .text.trace_write
                0x08001bec        0x8 ./system/src/diag/trace_impl.o
                0x08001bec                trace_write
 .text.__initialize_hardware_early
                0x08001bf4       0x18 ./system/src/cortexm/_initialize_hardware.o
                0x08001bf4                __initialize_hardware_early
 .text.__initialize_hardware
                0x08001c0c        0x8 ./system/src/cortexm/_initialize_hardware.o
                0x08001c0c                __initialize_hardware
 .text.dumpExceptionStack
                0x08001c14       0xf0 ./system/src/cortexm/exception_handlers.o
                0x08001c14                dumpExceptionStack
 .text.isSemihosting
                0x08001d04       0x20 ./system/src/cortexm/exception_handlers.o
                0x08001d04                isSemihosting
 .text.SetSysClockTo72
                0x08001d24       0xc4 ./system/src/cmsis/system_stm32f10x.o
 .text.SetSysClock
                0x08001de8        0x8 ./system/src/cmsis/system_stm32f10x.o
 .text.SystemInit
                0x08001df0       0x50 ./system/src/cmsis/system_stm32f10x.o
                0x08001df0                SystemInit
 .text.SystemCoreClockUpdate
                0x08001e40       0x9c ./system/src/cmsis/system_stm32f10x.o
                0x08001e40                SystemCoreClockUpdate
 .text.ds1307_init
                0x08001edc        0x8 ./src/ds1307.o
                0x08001edc                ds1307_init
 .text.bcd2bin  0x08001ee4       0x14 ./src/ds1307.o
                0x08001ee4                bcd2bin
 .text.ds1307_get_seconds
                0x08001ef8       0x20 ./src/ds1307.o
                0x08001ef8                ds1307_get_seconds
 .text.ds1307_get_minutes
                0x08001f18       0x20 ./src/ds1307.o
                0x08001f18                ds1307_get_minutes
 .text.ds1307_get_hours_24
                0x08001f38       0x24 ./src/ds1307.o
                0x08001f38                ds1307_get_hours_24
 .text.ds1307_get_time_24
                0x08001f5c       0x1c ./src/ds1307.o
                0x08001f5c                ds1307_get_time_24
 .text.ds1307_get_day
                0x08001f78       0x20 ./src/ds1307.o
                0x08001f78                ds1307_get_day
 .text.ds1307_get_date
                0x08001f98       0x20 ./src/ds1307.o
                0x08001f98                ds1307_get_date
 .text.ds1307_get_month
                0x08001fb8       0x20 ./src/ds1307.o
                0x08001fb8                ds1307_get_month
 .text.ds1307_get_year
                0x08001fd8       0x20 ./src/ds1307.o
                0x08001fd8                ds1307_get_year
 .text.ds1307_get_calendar_date
                0x08001ff8       0x24 ./src/ds1307.o
                0x08001ff8                ds1307_get_calendar_date
 .text.i2c_init
                0x0800201c       0x78 ./src/i2c.o
                0x0800201c                i2c_init
 .text.i2c_start
                0x08002094       0x30 ./src/i2c.o
                0x08002094                i2c_start
 .text.i2c_stop
                0x080020c4       0x10 ./src/i2c.o
                0x080020c4                i2c_stop
 .text.i2c_address_direction
                0x080020d4       0x3c ./src/i2c.o
                0x080020d4                i2c_address_direction
 .text.i2c_transmit
                0x08002110       0x20 ./src/i2c.o
                0x08002110                i2c_transmit
 .text.i2c_receive_ack
                0x08002130       0x28 ./src/i2c.o
                0x08002130                i2c_receive_ack
 .text.i2c_receive_nack
                0x08002158       0x28 ./src/i2c.o
                0x08002158                i2c_receive_nack
 .text.i2c_read_with_reg
                0x08002180       0x3c ./src/i2c.o
                0x08002180                i2c_read_with_reg
 .text.i2c_read_multi_with_reg
                0x080021bc       0x54 ./src/i2c.o
                0x080021bc                i2c_read_multi_with_reg
 .text.reverse  0x08002210       0x1c ./src/main.o
                0x08002210                reverse
 .text.intToStr
                0x0800222c       0x4c ./src/main.o
                0x0800222c                intToStr
 .text.ftoa     0x08002278       0x70 ./src/main.o
                0x08002278                ftoa
 .text.matrix_gpio_init
                0x080022e8       0x60 ./src/main.o
                0x080022e8                matrix_gpio_init
 .text.matrix_timer_init
                0x08002348       0x64 ./src/main.o
                0x08002348                matrix_timer_init
 .text.ADC_Configuration
                0x080023ac       0x70 ./src/main.o
                0x080023ac                ADC_Configuration
 .text.readADC1
                0x0800241c       0xd8 ./src/main.o
                0x0800241c                readADC1
 .text.isvalyti
                0x080024f4       0x1c ./src/main.o
                0x080024f4                isvalyti
 .text.setPoint
                0x08002510       0x44 ./src/main.o
                0x08002510                setPoint
 .text.drawLetterSmall
                0x08002554       0x5c ./src/main.o
                0x08002554                drawLetterSmall
 .text.drawLetterNormal
                0x080025b0       0x60 ./src/main.o
                0x080025b0                drawLetterNormal
 .text.drawLetterBig
                0x08002610       0x78 ./src/main.o
                0x08002610                drawLetterBig
 .text.drawLetterBig2
                0x08002688       0x74 ./src/main.o
                0x08002688                drawLetterBig2
 .text.drawLetterNormalBold
                0x080026fc       0x5c ./src/main.o
                0x080026fc                drawLetterNormalBold
 .text.drawString
                0x08002758       0x6c ./src/main.o
                0x08002758                drawString
 .text.drawNumber
                0x080027c4      0x148 ./src/main.o
                0x080027c4                drawNumber
 .text.atnaujinti
                0x0800290c      0x120 ./src/main.o
                0x0800290c                atnaujinti
 .text.drawHLine
                0x08002a2c       0x2c ./src/main.o
                0x08002a2c                drawHLine
 .text.drawVLine
                0x08002a58       0x28 ./src/main.o
                0x08002a58                drawVLine
 .text.drawRect
                0x08002a80       0x64 ./src/main.o
                0x08002a80                drawRect
 .text.drawImage
                0x08002ae4       0x58 ./src/main.o
                0x08002ae4                drawImage
 .text.htu21_checkCRC8
                0x08002b3c       0x24 ./src/main.o
                0x08002b3c                htu21_checkCRC8
 .text.htu21d_temp
                0x08002b60       0x6c ./src/main.o
                0x08002b60                htu21d_temp
 *fill*         0x08002bcc        0x4 
 .text.htu21d_hum
                0x08002bd0       0x68 ./src/main.o
                0x08002bd0                htu21d_hum
 .text.TIM3_IRQHandler
                0x08002c38       0x30 ./src/main.o
                0x08002c38                TIM3_IRQHandler
 .text.meniu_set
                0x08002c68       0xa0 ./src/main.o
                0x08002c68                meniu_set
 .text.main     0x08002d08      0x60c ./src/main.o
                0x08002d08                main
 .text.new_milli_timer
                0x08003314        0x8 ./src/milli-timer.o
                0x08003314                new_milli_timer
 .text.mt_set   0x0800331c       0x20 ./src/milli-timer.o
                0x0800331c                mt_set
 .text.mt_poll  0x0800333c       0x34 ./src/milli-timer.o
                0x0800333c                mt_poll
 .text.SysTick_Handler
                0x08003370       0x10 ./src/systick-utils.o
                0x08003370                SysTick_Handler
 .text.init_systick_utils
                0x08003380       0x20 ./src/systick-utils.o
                0x08003380                init_systick_utils
 .text.millis   0x080033a0        0xc ./src/systick-utils.o
                0x080033a0                millis
 .text.USART1_Init
                0x080033ac       0xc4 ./src/usart.o
                0x080033ac                USART1_Init
 .text.pow      0x08003470      0x330 e:/projektai/armgcc/bin/../lib/gcc/arm-none-eabi/5.4.1/../../../../arm-none-eabi/lib/armv7-m\libm.a(lib_a-w_pow.o)
                0x08003470                pow
 .text.__ieee754_pow
                0x080037a0      0xac4 e:/projektai/armgcc/bin/../lib/gcc/arm-none-eabi/5.4.1/../../../../arm-none-eabi/lib/armv7-m\libm.a(lib_a-e_pow.o)
                0x080037a0                __ieee754_pow
 .text.__ieee754_sqrt
                0x08004264      0x188 e:/projektai/armgcc/bin/../lib/gcc/arm-none-eabi/5.4.1/../../../../arm-none-eabi/lib/armv7-m\libm.a(lib_a-e_sqrt.o)
                0x08004264                __ieee754_sqrt
 .text.fabs     0x080043ec        0x8 e:/projektai/armgcc/bin/../lib/gcc/arm-none-eabi/5.4.1/../../../../arm-none-eabi/lib/armv7-m\libm.a(lib_a-s_fabs.o)
                0x080043ec                fabs
 .text.finite   0x080043f4        0xc e:/projektai/armgcc/bin/../lib/gcc/arm-none-eabi/5.4.1/../../../../arm-none-eabi/lib/armv7-m\libm.a(lib_a-s_finite.o)
                0x080043f4                finite
 .text.matherr  0x08004400        0x4 e:/projektai/armgcc/bin/../lib/gcc/arm-none-eabi/5.4.1/../../../../arm-none-eabi/lib/armv7-m\libm.a(lib_a-s_matherr.o)
                0x08004400                matherr
 .text.nan      0x08004404        0xc e:/projektai/armgcc/bin/../lib/gcc/arm-none-eabi/5.4.1/../../../../arm-none-eabi/lib/armv7-m\libm.a(lib_a-s_nan.o)
                0x08004404                nan
 .text.rint     0x08004410      0x120 e:/projektai/armgcc/bin/../lib/gcc/arm-none-eabi/5.4.1/../../../../arm-none-eabi/lib/armv7-m\libm.a(lib_a-s_rint.o)
                0x08004410                rint
 .text.scalbn   0x08004530       0xe4 e:/projektai/armgcc/bin/../lib/gcc/arm-none-eabi/5.4.1/../../../../arm-none-eabi/lib/armv7-m\libm.a(lib_a-s_scalbn.o)
                0x08004530                scalbn
 .text.copysign
                0x08004614       0x10 e:/projektai/armgcc/bin/../lib/gcc/arm-none-eabi/5.4.1/../../../../arm-none-eabi/lib/armv7-m\libm.a(lib_a-s_copysign.o)
                0x08004614                copysign
 .text          0x08004624      0x370 e:/projektai/armgcc/bin/../lib/gcc/arm-none-eabi/5.4.1/armv7-m\libgcc.a(_arm_addsubdf3.o)
                0x08004624                __aeabi_drsub
                0x0800462c                __aeabi_dsub
                0x0800462c                __subdf3
                0x08004630                __aeabi_dadd
                0x08004630                __adddf3
                0x080048a8                __floatunsidf
                0x080048a8                __aeabi_ui2d
                0x080048c8                __floatsidf
                0x080048c8                __aeabi_i2d
                0x080048ec                __aeabi_f2d
                0x080048ec                __extendsfdf2
                0x08004928                __floatundidf
                0x08004928                __aeabi_ul2d
                0x08004938                __floatdidf
                0x08004938                __aeabi_l2d
 .text          0x08004994      0x424 e:/projektai/armgcc/bin/../lib/gcc/arm-none-eabi/5.4.1/armv7-m\libgcc.a(_arm_muldivdf3.o)
                0x08004994                __aeabi_dmul
                0x08004994                __muldf3
                0x08004be8                __divdf3
                0x08004be8                __aeabi_ddiv
 .text          0x08004db8      0x110 e:/projektai/armgcc/bin/../lib/gcc/arm-none-eabi/5.4.1/armv7-m\libgcc.a(_arm_cmpdf2.o)
                0x08004db8                __gtdf2
                0x08004db8                __gedf2
                0x08004dc0                __ltdf2
                0x08004dc0                __ledf2
                0x08004dc8                __nedf2
                0x08004dc8                __eqdf2
                0x08004dc8                __cmpdf2
                0x08004e44                __aeabi_cdrcmple
                0x08004e54                __aeabi_cdcmpeq
                0x08004e54                __aeabi_cdcmple
                0x08004e64                __aeabi_dcmpeq
                0x08004e78                __aeabi_dcmplt
                0x08004e8c                __aeabi_dcmple
                0x08004ea0                __aeabi_dcmpge
                0x08004eb4                __aeabi_dcmpgt
 .text          0x08004ec8       0x2c e:/projektai/armgcc/bin/../lib/gcc/arm-none-eabi/5.4.1/armv7-m\libgcc.a(_arm_unorddf2.o)
                0x08004ec8                __unorddf2
                0x08004ec8                __aeabi_dcmpun
 .text          0x08004ef4       0xa0 e:/projektai/armgcc/bin/../lib/gcc/arm-none-eabi/5.4.1/armv7-m\libgcc.a(_arm_truncdfsf2.o)
                0x08004ef4                __truncdfsf2
                0x08004ef4                __aeabi_d2f
 .text          0x08004f94      0x21c e:/projektai/armgcc/bin/../lib/gcc/arm-none-eabi/5.4.1/armv7-m\libgcc.a(_arm_addsubsf3.o)
                0x08004f94                __aeabi_frsub
                0x08004f9c                __subsf3
                0x08004f9c                __aeabi_fsub
                0x08004fa0                __aeabi_fadd
                0x08004fa0                __addsf3
                0x08005100                __aeabi_ui2f
                0x08005100                __floatunsisf
                0x08005108                __aeabi_i2f
                0x08005108                __floatsisf
                0x08005124                __aeabi_ul2f
                0x08005124                __floatundisf
                0x08005134                __aeabi_l2f
                0x08005134                __floatdisf
 .text          0x080051b0       0x4c e:/projektai/armgcc/bin/../lib/gcc/arm-none-eabi/5.4.1/armv7-m\libgcc.a(_arm_fixsfsi.o)
                0x080051b0                __aeabi_f2iz
                0x080051b0                __fixsfsi
 .text.__errno  0x080051fc        0xc e:/projektai/armgcc/bin/../lib/gcc/arm-none-eabi/5.4.1/../../../../arm-none-eabi/lib/armv7-m\libg_nano.a(lib_a-errno.o)
                0x080051fc                __errno
 .text.memset   0x08005208       0x10 e:/projektai/armgcc/bin/../lib/gcc/arm-none-eabi/5.4.1/../../../../arm-none-eabi/lib/armv7-m\libg_nano.a(lib_a-memset.o)
                0x08005208                memset
 .text          0x08005218       0x10 e:/projektai/armgcc/bin/../lib/gcc/arm-none-eabi/5.4.1/../../../../arm-none-eabi/lib/armv7-m\libg_nano.a(lib_a-strlen.o)
                0x08005218                strlen
 .text._vsnprintf_r
                0x08005228       0x56 e:/projektai/armgcc/bin/../lib/gcc/arm-none-eabi/5.4.1/../../../../arm-none-eabi/lib/armv7-m\libg_nano.a(lib_a-vsnprintf.o)
                0x08005228                _vsniprintf_r
                0x08005228                _vsnprintf_r
 *fill*         0x0800527e        0x2 
 .text.vsnprintf
                0x08005280       0x1c e:/projektai/armgcc/bin/../lib/gcc/arm-none-eabi/5.4.1/../../../../arm-none-eabi/lib/armv7-m\libg_nano.a(lib_a-vsnprintf.o)
                0x08005280                vsniprintf
                0x08005280                vsnprintf
 .text.__ssputs_r
                0x0800529c       0xb2 e:/projektai/armgcc/bin/../lib/gcc/arm-none-eabi/5.4.1/../../../../arm-none-eabi/lib/armv7-m\libg_nano.a(lib_a-nano-svfprintf.o)
                0x0800529c                __ssputs_r
 *fill*         0x0800534e        0x2 
 .text._svfprintf_r
                0x08005350      0x1e8 e:/projektai/armgcc/bin/../lib/gcc/arm-none-eabi/5.4.1/../../../../arm-none-eabi/lib/armv7-m\libg_nano.a(lib_a-nano-svfprintf.o)
                0x08005350                _svfiprintf_r
                0x08005350                _svfprintf_r
 .text._printf_common
                0x08005538       0xec e:/projektai/armgcc/bin/../lib/gcc/arm-none-eabi/5.4.1/../../../../arm-none-eabi/lib/armv7-m\libg_nano.a(lib_a-nano-vfprintf_i.o)
                0x08005538                _printf_common
 .text._printf_i
                0x08005624      0x24c e:/projektai/armgcc/bin/../lib/gcc/arm-none-eabi/5.4.1/../../../../arm-none-eabi/lib/armv7-m\libg_nano.a(lib_a-nano-vfprintf_i.o)
                0x08005624                _printf_i
 .text.memchr   0x08005870       0x1c e:/projektai/armgcc/bin/../lib/gcc/arm-none-eabi/5.4.1/../../../../arm-none-eabi/lib/armv7-m\libg_nano.a(lib_a-memchr-stub.o)
                0x08005870                memchr
 .text.memcpy   0x0800588c       0x16 e:/projektai/armgcc/bin/../lib/gcc/arm-none-eabi/5.4.1/../../../../arm-none-eabi/lib/armv7-m\libg_nano.a(lib_a-memcpy-stub.o)
                0x0800588c                memcpy
 .text.memmove  0x080058a2       0x36 e:/projektai/armgcc/bin/../lib/gcc/arm-none-eabi/5.4.1/../../../../arm-none-eabi/lib/armv7-m\libg_nano.a(lib_a-memmove.o)
                0x080058a2                memmove
 .text._free_r  0x080058d8       0x98 e:/projektai/armgcc/bin/../lib/gcc/arm-none-eabi/5.4.1/../../../../arm-none-eabi/lib/armv7-m\libg_nano.a(lib_a-nano-freer.o)
                0x080058d8                _free_r
 .text._malloc_r
                0x08005970       0xbc e:/projektai/armgcc/bin/../lib/gcc/arm-none-eabi/5.4.1/../../../../arm-none-eabi/lib/armv7-m\libg_nano.a(lib_a-nano-mallocr.o)
                0x08005970                _malloc_r
 .text._realloc_r
                0x08005a2c       0x4c e:/projektai/armgcc/bin/../lib/gcc/arm-none-eabi/5.4.1/../../../../arm-none-eabi/lib/armv7-m\libg_nano.a(lib_a-nano-reallocr.o)
                0x08005a2c                _realloc_r
 .text._sbrk_r  0x08005a78       0x20 e:/projektai/armgcc/bin/../lib/gcc/arm-none-eabi/5.4.1/../../../../arm-none-eabi/lib/armv7-m\libg_nano.a(lib_a-sbrkr.o)
                0x08005a78                _sbrk_r
 .text.__malloc_lock
                0x08005a98        0x2 e:/projektai/armgcc/bin/../lib/gcc/arm-none-eabi/5.4.1/../../../../arm-none-eabi/lib/armv7-m\libg_nano.a(lib_a-mlock.o)
                0x08005a98                __malloc_lock
 .text.__malloc_unlock
                0x08005a9a        0x2 e:/projektai/armgcc/bin/../lib/gcc/arm-none-eabi/5.4.1/../../../../arm-none-eabi/lib/armv7-m\libg_nano.a(lib_a-mlock.o)
                0x08005a9a                __malloc_unlock
 .text._malloc_usable_size_r
                0x08005a9c       0x14 e:/projektai/armgcc/bin/../lib/gcc/arm-none-eabi/5.4.1/../../../../arm-none-eabi/lib/armv7-m\libg_nano.a(lib_a-nano-msizer.o)
                0x08005a9c                _malloc_usable_size_r
 *(.rodata .rodata.* .constdata .constdata.*)
 .rodata.str1.4
                0x08005ab0       0x27 ./system/src/stm32f1-stdperiph/misc.o
 *fill*         0x08005ad7        0x1 
 .rodata.str1.4
                0x08005ad8       0x30 ./system/src/stm32f1-stdperiph/stm32f10x_adc.o
 .rodata.str1.4
                0x08005b08       0x31 ./system/src/stm32f1-stdperiph/stm32f10x_gpio.o
 *fill*         0x08005b39        0x3 
 .rodata.str1.4
                0x08005b3c       0x30 ./system/src/stm32f1-stdperiph/stm32f10x_i2c.o
 .rodata.str1.4
                0x08005b6c       0x30 ./system/src/stm32f1-stdperiph/stm32f10x_rcc.o
 .rodata.str1.4
                0x08005b9c       0x30 ./system/src/stm32f1-stdperiph/stm32f10x_tim.o
 .rodata.str1.4
                0x08005bcc       0x32 ./system/src/stm32f1-stdperiph/stm32f10x_usart.o
 *fill*         0x08005bfe        0x2 
 .rodata.str1.4
                0x08005c00       0x14 ./system/src/newlib/_exit.o
 .rodata.str1.4
                0x08005c14       0x6b ./system/src/newlib/assert.o
                                 0x6f (size before relaxing)
 *fill*         0x08005c7f        0x1 
 .rodata.str1.4
                0x08005c80       0x29 ./system/src/diag/Trace.o
                                 0x2d (size before relaxing)
 *fill*         0x08005ca9        0x3 
 .rodata.str1.4
                0x08005cac      0x146 ./system/src/cortexm/exception_handlers.o
 *fill*         0x08005df2        0x2 
 .rodata.laikrodis
                0x08005df4      0x108 ./src/main.o
                0x08005df4                laikrodis
 .rodata.time_meniu
                0x08005efc       0x28 ./src/main.o
                0x08005efc                time_meniu
 .rodata.normal
                0x08005f24      0x474 ./src/main.o
                0x08005f24                normal
 .rodata.laikas
                0x08006398       0x7c ./src/main.o
                0x08006398                laikas
 .rodata.normal_bold
                0x08006414      0x600 ./src/main.o
                0x08006414                normal_bold
 .rodata.str1.4
                0x08006a14       0xc8 ./src/main.o
 .rodata.big2   0x08006adc      0x280 ./src/main.o
                0x08006adc                big2
 .rodata.orai   0x08006d5c      0x120 ./src/main.o
                0x08006d5c                orai
 .rodata.radijas
                0x08006e7c       0xf0 ./src/main.o
                0x08006e7c                radijas
 .rodata.big    0x08006f6c      0x1e0 ./src/main.o
                0x08006f6c                big
 .rodata.data   0x0800714c       0x74 ./src/main.o
                0x0800714c                data
 .rodata.arduino
                0x080071c0      0x100 ./src/main.o
                0x080071c0                arduino
 .rodata.small  0x080072c0      0x2a0 ./src/main.o
                0x080072c0                small
 .rodata.str1.4
                0x08007560        0x4 e:/projektai/armgcc/bin/../lib/gcc/arm-none-eabi/5.4.1/../../../../arm-none-eabi/lib/armv7-m\libm.a(lib_a-w_pow.o)
 .rodata.str1.4
                0x08007564        0x1 e:/projektai/armgcc/bin/../lib/gcc/arm-none-eabi/5.4.1/../../../../arm-none-eabi/lib/armv7-m\libm.a(lib_a-e_pow.o)
 *fill*         0x08007564        0x4 
 .rodata.TWO52  0x08007568       0x10 e:/projektai/armgcc/bin/../lib/gcc/arm-none-eabi/5.4.1/../../../../arm-none-eabi/lib/armv7-m\libm.a(lib_a-s_rint.o)
 .rodata.str1.1
                0x08007578       0x11 e:/projektai/armgcc/bin/../lib/gcc/arm-none-eabi/5.4.1/../../../../arm-none-eabi/lib/armv7-m\libg_nano.a(lib_a-nano-svfprintf.o)
 .rodata.str1.1
                0x08007589       0x22 e:/projektai/armgcc/bin/../lib/gcc/arm-none-eabi/5.4.1/../../../../arm-none-eabi/lib/armv7-m\libg_nano.a(lib_a-nano-vfprintf_i.o)
 *(vtable)
 *(.eh_frame*)
 *(.glue_7)
 .glue_7        0x080075ab        0x0 linker stubs
 *(.glue_7t)
 .glue_7t       0x080075ab        0x0 linker stubs

.vfp11_veneer   0x080075ac        0x0
 .vfp11_veneer  0x080075ac        0x0 linker stubs

.v4_bx          0x080075ac        0x0
 .v4_bx         0x080075ac        0x0 linker stubs

.iplt           0x080075ac        0x0
 .iplt          0x080075ac        0x0 ./system/src/stm32f1-stdperiph/misc.o

.rel.dyn        0x080075ac        0x0
 .rel.iplt      0x080075ac        0x0 ./system/src/stm32f1-stdperiph/misc.o

.ARM.extab
 *(.ARM.extab* .gnu.linkonce.armextab.*)
                0x080075ac                . = ALIGN (0x4)
                0x080075ac                __exidx_start = .

.ARM.exidx
 *(.ARM.exidx* .gnu.linkonce.armexidx.*)
                0x080075ac                __exidx_end = .
                0x080075ac                . = ALIGN (0x4)
                0x080075ac                _etext = .
                0x080075ac                __etext = .

.data_CCMRAM    0x00000000        0x0 load address 0x080075ac
 FILL mask 0xff
 *(.data.CCMRAM .data.CCMRAM.*)
                0x00000000                . = ALIGN (0x4)
                0x080075ac                _sidata = LOADADDR (.data)

.data           0x20000000       0xc0 load address 0x080075ac
 FILL mask 0xff
                0x20000000                _sdata = .
                0x20000000                __data_start__ = .
 *(.data_begin .data_begin.*)
 .data_begin    0x20000000        0x4 ./system/src/newlib/_startup.o
 *(.data .data.*)
 .data.ADCPrescTable
                0x20000004        0x4 ./system/src/stm32f1-stdperiph/stm32f10x_rcc.o
 .data.APBAHBPrescTable
                0x20000008       0x10 ./system/src/stm32f1-stdperiph/stm32f10x_rcc.o
 .data.argv.4290
                0x20000018        0x8 ./system/src/newlib/_syscalls.o
 .data.AHBPrescTable
                0x20000020       0x10 ./system/src/cmsis/system_stm32f10x.o
                0x20000020                AHBPrescTable
 .data.SystemCoreClock
                0x20000030        0x4 ./system/src/cmsis/system_stm32f10x.o
                0x20000030                SystemCoreClock
 .data.rowas    0x20000034       0x10 ./src/main.o
                0x20000034                rowas
 .data.ibitmask
                0x20000044        0x8 ./src/main.o
                0x20000044                ibitmask
 .data.bitmask  0x2000004c        0x8 ./src/main.o
                0x2000004c                bitmask
 .data.__fdlib_version
                0x20000054        0x1 e:/projektai/armgcc/bin/../lib/gcc/arm-none-eabi/5.4.1/../../../../arm-none-eabi/lib/armv7-m\libm.a(lib_a-s_lib_ver.o)
                0x20000054                __fdlib_version
 *fill*         0x20000055        0x3 ff
 .data.impure_data
                0x20000058       0x60 e:/projektai/armgcc/bin/../lib/gcc/arm-none-eabi/5.4.1/../../../../arm-none-eabi/lib/armv7-m\libg_nano.a(lib_a-impure.o)
 .data._impure_ptr
                0x200000b8        0x4 e:/projektai/armgcc/bin/../lib/gcc/arm-none-eabi/5.4.1/../../../../arm-none-eabi/lib/armv7-m\libg_nano.a(lib_a-impure.o)
                0x200000b8                _impure_ptr
 *(.data_end .data_end.*)
 .data_end      0x200000bc        0x4 ./system/src/newlib/_startup.o
                0x200000c0                . = ALIGN (0x4)
                0x200000c0                _edata = .
                0x200000c0                __data_end__ = .

.igot.plt       0x200000c0        0x0 load address 0x0800766c
 .igot.plt      0x200000c0        0x0 ./system/src/stm32f1-stdperiph/misc.o

.bss_CCMRAM     0x00000000        0x0
 *(.bss.CCMRAM .bss.CCMRAM.*)

.bss            0x200000c0      0x7cc
                0x200000c0                __bss_start__ = .
                0x200000c0                _sbss = .
 *(.bss_begin .bss_begin.*)
 .bss_begin     0x200000c0        0x4 ./system/src/newlib/_startup.o
 *(.bss .bss.*)
 .bss.current_heap_end.3974
                0x200000c4        0x4 ./system/src/newlib/_sbrk.o
 .bss.name.4289
                0x200000c8        0x1 ./system/src/newlib/_syscalls.o
 *fill*         0x200000c9        0x3 
 .bss.buf.5179  0x200000cc       0x80 ./system/src/diag/Trace.o
 .bss.set_laikas
                0x2000014c        0x1 ./src/main.o
                0x2000014c                set_laikas
 *fill*         0x2000014d        0x3 
 .bss.Buffer    0x20000150      0x300 ./src/main.o
                0x20000150                Buffer
 .bss.set_meniu
                0x20000450        0x1 ./src/main.o
                0x20000450                set_meniu
 *fill*         0x20000451        0x3 
 .bss.row       0x20000454        0x4 ./src/main.o
                0x20000454                row
 .bss.Buffer_copy
                0x20000458      0x300 ./src/main.o
                0x20000458                Buffer_copy
 .bss.meniu     0x20000758        0x1 ./src/main.o
                0x20000758                meniu
 .bss.pozicija  0x20000759        0x1 ./src/main.o
                0x20000759                pozicija
 *fill*         0x2000075a        0x2 
 .bss.__malloc_sbrk_start
                0x2000075c        0x4 e:/projektai/armgcc/bin/../lib/gcc/arm-none-eabi/5.4.1/../../../../arm-none-eabi/lib/armv7-m\libg_nano.a(lib_a-nano-mallocr.o)
                0x2000075c                __malloc_sbrk_start
 .bss.__malloc_free_list
                0x20000760        0x4 e:/projektai/armgcc/bin/../lib/gcc/arm-none-eabi/5.4.1/../../../../arm-none-eabi/lib/armv7-m\libg_nano.a(lib_a-nano-mallocr.o)
                0x20000760                __malloc_free_list
 *(COMMON)
 COMMON         0x20000764        0x4 ./system/src/newlib/_syscalls.o
                0x20000764                errno
 COMMON         0x20000768       0x52 ./src/main.o
                0x20000768                D
                0x20000769                menu
                0x2000076c                temperature
                0x20000770                button
                0x20000774                gett
                0x20000778                readMillis
                0x2000077c                DS3231
                0x20000784                HTU21D
                0x2000078c                compensated_humidity
                0x20000790                y
                0x20000792                key
                0x20000794                d
                0x20000795                s
                0x20000796                h
                0x20000798                LED
                0x200007a0                M
                0x200007a4                humanity
                0x200007a8                previousMillis
                0x200007ac                humu
                0x200007b0                m
                0x200007b4                tempu
                0x200007b8                btn
 *fill*         0x200007ba        0x2 
 COMMON         0x200007bc        0x4 ./src/systick-utils.o
                0x200007bc                miliseconds
 COMMON         0x200007c0       0xc8 ./src/usart.o
                0x200007c0                received_string
 *(.bss_end .bss_end.*)
 .bss_end       0x20000888        0x4 ./system/src/newlib/_startup.o
                0x2000088c                . = ALIGN (0x4)
                0x2000088c                __bss_end__ = .
                0x2000088c                _ebss = .

.noinit_CCMRAM
 *(.noinit.CCMRAM .noinit.CCMRAM.*)

.noinit         0x2000088c        0x0
                0x2000088c                _noinit = .
 *(.noinit .noinit.*)
                0x2000088c                . = ALIGN (0x4)
                0x2000088c                _end_noinit = .
                [!provide]                PROVIDE (end, _end_noinit)
                [!provide]                PROVIDE (_end, _end_noinit)
                [!provide]                PROVIDE (__end, _end_noinit)
                [!provide]                PROVIDE (__end__, _end_noinit)

._check_stack   0x2000088c      0x100
                0x2000098c                . = (. + _Minimum_Stack_Size)
 *fill*         0x2000088c      0x100 

.b1text
 *(.b1text)
 *(.b1rodata)
 *(.b1rodata.*)

.eb0text
 *(.eb0text)
 *(.eb0rodata)
 *(.eb0rodata.*)

.eb1text
 *(.eb1text)
 *(.eb1rodata)
 *(.eb1rodata.*)

.eb2text
 *(.eb2text)
 *(.eb2rodata)
 *(.eb2rodata.*)

.eb3text
 *(.eb3text)
 *(.eb3rodata)
 *(.eb3rodata.*)

.stab
 *(.stab)

.stabstr
 *(.stabstr)

.stab.excl
 *(.stab.excl)

.stab.exclstr
 *(.stab.exclstr)

.stab.index
 *(.stab.index)

.stab.indexstr
 *(.stab.indexstr)

.comment        0x00000000       0x6e
 *(.comment)
 .comment       0x00000000       0x6e ./system/src/stm32f1-stdperiph/misc.o
                                 0x6f (size before relaxing)
 .comment       0x0000006e       0x6f ./system/src/stm32f1-stdperiph/stm32f10x_adc.o
 .comment       0x0000006e       0x6f ./system/src/stm32f1-stdperiph/stm32f10x_gpio.o
 .comment       0x0000006e       0x6f ./system/src/stm32f1-stdperiph/stm32f10x_i2c.o
 .comment       0x0000006e       0x6f ./system/src/stm32f1-stdperiph/stm32f10x_rcc.o
 .comment       0x0000006e       0x6f ./system/src/stm32f1-stdperiph/stm32f10x_tim.o
 .comment       0x0000006e       0x6f ./system/src/stm32f1-stdperiph/stm32f10x_usart.o
 .comment       0x0000006e       0x6f ./system/src/newlib/_exit.o
 .comment       0x0000006e       0x6f ./system/src/newlib/_sbrk.o
 .comment       0x0000006e       0x6f ./system/src/newlib/_startup.o
 .comment       0x0000006e       0x6f ./system/src/newlib/_syscalls.o
 .comment       0x0000006e       0x6f ./system/src/newlib/assert.o
 .comment       0x0000006e       0x6f ./system/src/diag/Trace.o
 .comment       0x0000006e       0x6f ./system/src/diag/trace_impl.o
 .comment       0x0000006e       0x6f ./system/src/cortexm/_initialize_hardware.o
 .comment       0x0000006e       0x6f ./system/src/cortexm/exception_handlers.o
 .comment       0x0000006e       0x6f ./system/src/cmsis/system_stm32f10x.o
 .comment       0x0000006e       0x6f ./system/src/cmsis/vectors_stm32f10x.o
 .comment       0x0000006e       0x6f ./src/ds1307.o
 .comment       0x0000006e       0x6f ./src/i2c.o
 .comment       0x0000006e       0x6f ./src/main.o
 .comment       0x0000006e       0x6f ./src/milli-timer.o
 .comment       0x0000006e       0x6f ./src/systick-utils.o
 .comment       0x0000006e       0x6f ./src/usart.o

.ARM.attributes
                0x00000000       0x31
 .ARM.attributes
                0x00000000       0x33 ./system/src/stm32f1-stdperiph/misc.o
 .ARM.attributes
                0x00000033       0x33 ./system/src/stm32f1-stdperiph/stm32f10x_adc.o
 .ARM.attributes
                0x00000066       0x33 ./system/src/stm32f1-stdperiph/stm32f10x_gpio.o
 .ARM.attributes
                0x00000099       0x33 ./system/src/stm32f1-stdperiph/stm32f10x_i2c.o
 .ARM.attributes
                0x000000cc       0x33 ./system/src/stm32f1-stdperiph/stm32f10x_rcc.o
 .ARM.attributes
                0x000000ff       0x33 ./system/src/stm32f1-stdperiph/stm32f10x_tim.o
 .ARM.attributes
                0x00000132       0x33 ./system/src/stm32f1-stdperiph/stm32f10x_usart.o
 .ARM.attributes
                0x00000165       0x33 ./system/src/newlib/_exit.o
 .ARM.attributes
                0x00000198       0x33 ./system/src/newlib/_sbrk.o
 .ARM.attributes
                0x000001cb       0x33 ./system/src/newlib/_startup.o
 .ARM.attributes
                0x000001fe       0x33 ./system/src/newlib/_syscalls.o
 .ARM.attributes
                0x00000231       0x33 ./system/src/newlib/assert.o
 .ARM.attributes
                0x00000264       0x33 ./system/src/diag/Trace.o
 .ARM.attributes
                0x00000297       0x33 ./system/src/diag/trace_impl.o
 .ARM.attributes
                0x000002ca       0x33 ./system/src/cortexm/_initialize_hardware.o
 .ARM.attributes
                0x000002fd       0x33 ./system/src/cortexm/exception_handlers.o
 .ARM.attributes
                0x00000330       0x33 ./system/src/cmsis/system_stm32f10x.o
 .ARM.attributes
                0x00000363       0x33 ./system/src/cmsis/vectors_stm32f10x.o
 .ARM.attributes
                0x00000396       0x33 ./src/ds1307.o
 .ARM.attributes
                0x000003c9       0x33 ./src/i2c.o
 .ARM.attributes
                0x000003fc       0x33 ./src/main.o
 .ARM.attributes
                0x0000042f       0x33 ./src/milli-timer.o
 .ARM.attributes
                0x00000462       0x33 ./src/systick-utils.o
 .ARM.attributes
                0x00000495       0x33 ./src/usart.o
 .ARM.attributes
                0x000004c8       0x2d e:/projektai/armgcc/bin/../lib/gcc/arm-none-eabi/5.4.1/../../../../arm-none-eabi/lib/armv7-m\libm.a(lib_a-w_pow.o)
 .ARM.attributes
                0x000004f5       0x2d e:/projektai/armgcc/bin/../lib/gcc/arm-none-eabi/5.4.1/../../../../arm-none-eabi/lib/armv7-m\libm.a(lib_a-e_pow.o)
 .ARM.attributes
                0x00000522       0x2d e:/projektai/armgcc/bin/../lib/gcc/arm-none-eabi/5.4.1/../../../../arm-none-eabi/lib/armv7-m\libm.a(lib_a-e_sqrt.o)
 .ARM.attributes
                0x0000054f       0x2d e:/projektai/armgcc/bin/../lib/gcc/arm-none-eabi/5.4.1/../../../../arm-none-eabi/lib/armv7-m\libm.a(lib_a-s_fabs.o)
 .ARM.attributes
                0x0000057c       0x2d e:/projektai/armgcc/bin/../lib/gcc/arm-none-eabi/5.4.1/../../../../arm-none-eabi/lib/armv7-m\libm.a(lib_a-s_finite.o)
 .ARM.attributes
                0x000005a9       0x2d e:/projektai/armgcc/bin/../lib/gcc/arm-none-eabi/5.4.1/../../../../arm-none-eabi/lib/armv7-m\libm.a(lib_a-s_lib_ver.o)
 .ARM.attributes
                0x000005d6       0x2d e:/projektai/armgcc/bin/../lib/gcc/arm-none-eabi/5.4.1/../../../../arm-none-eabi/lib/armv7-m\libm.a(lib_a-s_matherr.o)
 .ARM.attributes
                0x00000603       0x2d e:/projektai/armgcc/bin/../lib/gcc/arm-none-eabi/5.4.1/../../../../arm-none-eabi/lib/armv7-m\libm.a(lib_a-s_nan.o)
 .ARM.attributes
                0x00000630       0x2d e:/projektai/armgcc/bin/../lib/gcc/arm-none-eabi/5.4.1/../../../../arm-none-eabi/lib/armv7-m\libm.a(lib_a-s_rint.o)
 .ARM.attributes
                0x0000065d       0x2d e:/projektai/armgcc/bin/../lib/gcc/arm-none-eabi/5.4.1/../../../../arm-none-eabi/lib/armv7-m\libm.a(lib_a-s_scalbn.o)
 .ARM.attributes
                0x0000068a       0x2d e:/projektai/armgcc/bin/../lib/gcc/arm-none-eabi/5.4.1/../../../../arm-none-eabi/lib/armv7-m\libm.a(lib_a-s_copysign.o)
 .ARM.attributes
                0x000006b7       0x1d e:/projektai/armgcc/bin/../lib/gcc/arm-none-eabi/5.4.1/armv7-m\libgcc.a(_arm_addsubdf3.o)
 .ARM.attributes
                0x000006d4       0x1d e:/projektai/armgcc/bin/../lib/gcc/arm-none-eabi/5.4.1/armv7-m\libgcc.a(_arm_muldivdf3.o)
 .ARM.attributes
                0x000006f1       0x1d e:/projektai/armgcc/bin/../lib/gcc/arm-none-eabi/5.4.1/armv7-m\libgcc.a(_arm_cmpdf2.o)
 .ARM.attributes
                0x0000070e       0x1d e:/projektai/armgcc/bin/../lib/gcc/arm-none-eabi/5.4.1/armv7-m\libgcc.a(_arm_unorddf2.o)
 .ARM.attributes
                0x0000072b       0x1d e:/projektai/armgcc/bin/../lib/gcc/arm-none-eabi/5.4.1/armv7-m\libgcc.a(_arm_truncdfsf2.o)
 .ARM.attributes
                0x00000748       0x1d e:/projektai/armgcc/bin/../lib/gcc/arm-none-eabi/5.4.1/armv7-m\libgcc.a(_arm_addsubsf3.o)
 .ARM.attributes
                0x00000765       0x1d e:/projektai/armgcc/bin/../lib/gcc/arm-none-eabi/5.4.1/armv7-m\libgcc.a(_arm_fixsfsi.o)
 .ARM.attributes
                0x00000782       0x2d e:/projektai/armgcc/bin/../lib/gcc/arm-none-eabi/5.4.1/../../../../arm-none-eabi/lib/armv7-m\libg_nano.a(lib_a-errno.o)
 .ARM.attributes
                0x000007af       0x2d e:/projektai/armgcc/bin/../lib/gcc/arm-none-eabi/5.4.1/../../../../arm-none-eabi/lib/armv7-m\libg_nano.a(lib_a-impure.o)
 .ARM.attributes
                0x000007dc       0x2d e:/projektai/armgcc/bin/../lib/gcc/arm-none-eabi/5.4.1/../../../../arm-none-eabi/lib/armv7-m\libg_nano.a(lib_a-memset.o)
 .ARM.attributes
                0x00000809       0x17 e:/projektai/armgcc/bin/../lib/gcc/arm-none-eabi/5.4.1/../../../../arm-none-eabi/lib/armv7-m\libg_nano.a(lib_a-strlen.o)
 .ARM.attributes
                0x00000820       0x2d e:/projektai/armgcc/bin/../lib/gcc/arm-none-eabi/5.4.1/../../../../arm-none-eabi/lib/armv7-m\libg_nano.a(lib_a-vsnprintf.o)
 .ARM.attributes
                0x0000084d       0x2d e:/projektai/armgcc/bin/../lib/gcc/arm-none-eabi/5.4.1/../../../../arm-none-eabi/lib/armv7-m\libg_nano.a(lib_a-nano-svfprintf.o)
 .ARM.attributes
                0x0000087a       0x2d e:/projektai/armgcc/bin/../lib/gcc/arm-none-eabi/5.4.1/../../../../arm-none-eabi/lib/armv7-m\libg_nano.a(lib_a-nano-vfprintf_i.o)
 .ARM.attributes
                0x000008a7       0x2d e:/projektai/armgcc/bin/../lib/gcc/arm-none-eabi/5.4.1/../../../../arm-none-eabi/lib/armv7-m\libg_nano.a(lib_a-memchr-stub.o)
 .ARM.attributes
                0x000008d4       0x2d e:/projektai/armgcc/bin/../lib/gcc/arm-none-eabi/5.4.1/../../../../arm-none-eabi/lib/armv7-m\libg_nano.a(lib_a-memcpy-stub.o)
 .ARM.attributes
                0x00000901       0x2d e:/projektai/armgcc/bin/../lib/gcc/arm-none-eabi/5.4.1/../../../../arm-none-eabi/lib/armv7-m\libg_nano.a(lib_a-memmove.o)
 .ARM.attributes
                0x0000092e       0x2d e:/projektai/armgcc/bin/../lib/gcc/arm-none-eabi/5.4.1/../../../../arm-none-eabi/lib/armv7-m\libg_nano.a(lib_a-nano-freer.o)
 .ARM.attributes
                0x0000095b       0x2d e:/projektai/armgcc/bin/../lib/gcc/arm-none-eabi/5.4.1/../../../../arm-none-eabi/lib/armv7-m\libg_nano.a(lib_a-nano-mallocr.o)
 .ARM.attributes
                0x00000988       0x2d e:/projektai/armgcc/bin/../lib/gcc/arm-none-eabi/5.4.1/../../../../arm-none-eabi/lib/armv7-m\libg_nano.a(lib_a-nano-reallocr.o)
 .ARM.attributes
                0x000009b5       0x2d e:/projektai/armgcc/bin/../lib/gcc/arm-none-eabi/5.4.1/../../../../arm-none-eabi/lib/armv7-m\libg_nano.a(lib_a-sbrkr.o)
 .ARM.attributes
                0x000009e2       0x2d e:/projektai/armgcc/bin/../lib/gcc/arm-none-eabi/5.4.1/../../../../arm-none-eabi/lib/armv7-m\libg_nano.a(lib_a-mlock.o)
 .ARM.attributes
                0x00000a0f       0x2d e:/projektai/armgcc/bin/../lib/gcc/arm-none-eabi/5.4.1/../../../../arm-none-eabi/lib/armv7-m\libg_nano.a(lib_a-nano-msizer.o)

.debug
 *(.debug)

.line
 *(.line)

.debug_srcinfo
 *(.debug_srcinfo)

.debug_sfnames
 *(.debug_sfnames)

.debug_aranges  0x00000000      0xdf8
 *(.debug_aranges)
 .debug_aranges
                0x00000000       0x40 ./system/src/stm32f1-stdperiph/misc.o
 .debug_aranges
                0x00000040      0x138 ./system/src/stm32f1-stdperiph/stm32f10x_adc.o
 .debug_aranges
                0x00000178       0xa8 ./system/src/stm32f1-stdperiph/stm32f10x_gpio.o
 .debug_aranges
                0x00000220      0x120 ./system/src/stm32f1-stdperiph/stm32f10x_i2c.o
 .debug_aranges
                0x00000340      0x118 ./system/src/stm32f1-stdperiph/stm32f10x_rcc.o
 .debug_aranges
                0x00000458      0x2f0 ./system/src/stm32f1-stdperiph/stm32f10x_tim.o
 .debug_aranges
                0x00000748      0x100 ./system/src/stm32f1-stdperiph/stm32f10x_usart.o
 .debug_aranges
                0x00000848       0x28 ./system/src/newlib/_exit.o
 .debug_aranges
                0x00000870       0x20 ./system/src/newlib/_sbrk.o
 .debug_aranges
                0x00000890       0x40 ./system/src/newlib/_startup.o
 .debug_aranges
                0x000008d0       0x30 ./system/src/newlib/_syscalls.o
 .debug_aranges
                0x00000900       0x28 ./system/src/newlib/assert.o
 .debug_aranges
                0x00000928       0x38 ./system/src/diag/Trace.o
 .debug_aranges
                0x00000960       0x30 ./system/src/diag/trace_impl.o
 .debug_aranges
                0x00000990       0x28 ./system/src/cortexm/_initialize_hardware.o
 .debug_aranges
                0x000009b8       0x90 ./system/src/cortexm/exception_handlers.o
 .debug_aranges
                0x00000a48       0x38 ./system/src/cmsis/system_stm32f10x.o
 .debug_aranges
                0x00000a80       0x20 ./system/src/cmsis/vectors_stm32f10x.o
 .debug_aranges
                0x00000aa0       0xf8 ./src/ds1307.o
 .debug_aranges
                0x00000b98       0x90 ./src/i2c.o
 .debug_aranges
                0x00000c28       0xf0 ./src/main.o
 .debug_aranges
                0x00000d18       0x40 ./src/milli-timer.o
 .debug_aranges
                0x00000d58       0x38 ./src/systick-utils.o
 .debug_aranges
                0x00000d90       0x68 ./src/usart.o

.debug_pubnames
 *(.debug_pubnames)

.debug_info     0x00000000     0xfd45
 *(.debug_info .gnu.linkonce.wi.*)
 .debug_info    0x00000000      0x643 ./system/src/stm32f1-stdperiph/misc.o
 .debug_info    0x00000643     0x1426 ./system/src/stm32f1-stdperiph/stm32f10x_adc.o
 .debug_info    0x00001a69      0xbcb ./system/src/stm32f1-stdperiph/stm32f10x_gpio.o
 .debug_info    0x00002634     0x12cd ./system/src/stm32f1-stdperiph/stm32f10x_i2c.o
 .debug_info    0x00003901      0xc70 ./system/src/stm32f1-stdperiph/stm32f10x_rcc.o
 .debug_info    0x00004571     0x3928 ./system/src/stm32f1-stdperiph/stm32f10x_tim.o
 .debug_info    0x00007e99     0x1280 ./system/src/stm32f1-stdperiph/stm32f10x_usart.o
 .debug_info    0x00009119       0xef ./system/src/newlib/_exit.o
 .debug_info    0x00009208      0x11f ./system/src/newlib/_sbrk.o
 .debug_info    0x00009327      0x454 ./system/src/newlib/_startup.o
 .debug_info    0x0000977b      0x1c7 ./system/src/newlib/_syscalls.o
 .debug_info    0x00009942      0x1a3 ./system/src/newlib/assert.o
 .debug_info    0x00009ae5      0x2e7 ./system/src/diag/Trace.o
 .debug_info    0x00009dcc      0x30a ./system/src/diag/trace_impl.o
 .debug_info    0x0000a0d6      0x2b1 ./system/src/cortexm/_initialize_hardware.o
 .debug_info    0x0000a387      0x8da ./system/src/cortexm/exception_handlers.o
 .debug_info    0x0000ac61      0x497 ./system/src/cmsis/system_stm32f10x.o
 .debug_info    0x0000b0f8       0xd1 ./system/src/cmsis/vectors_stm32f10x.o
 .debug_info    0x0000b1c9      0xabd ./src/ds1307.o
 .debug_info    0x0000bc86      0xbd2 ./src/i2c.o
 .debug_info    0x0000c858     0x28ac ./src/main.o
 .debug_info    0x0000f104      0x22a ./src/milli-timer.o
 .debug_info    0x0000f32e      0x17d ./src/systick-utils.o
 .debug_info    0x0000f4ab      0x89a ./src/usart.o

.debug_abbrev   0x00000000     0x2451
 *(.debug_abbrev)
 .debug_abbrev  0x00000000      0x181 ./system/src/stm32f1-stdperiph/misc.o
 .debug_abbrev  0x00000181      0x1da ./system/src/stm32f1-stdperiph/stm32f10x_adc.o
 .debug_abbrev  0x0000035b      0x1f4 ./system/src/stm32f1-stdperiph/stm32f10x_gpio.o
 .debug_abbrev  0x0000054f      0x1de ./system/src/stm32f1-stdperiph/stm32f10x_i2c.o
 .debug_abbrev  0x0000072d      0x1f8 ./system/src/stm32f1-stdperiph/stm32f10x_rcc.o
 .debug_abbrev  0x00000925      0x1d8 ./system/src/stm32f1-stdperiph/stm32f10x_tim.o
 .debug_abbrev  0x00000afd      0x1cd ./system/src/stm32f1-stdperiph/stm32f10x_usart.o
 .debug_abbrev  0x00000cca       0x8e ./system/src/newlib/_exit.o
 .debug_abbrev  0x00000d58       0xb9 ./system/src/newlib/_sbrk.o
 .debug_abbrev  0x00000e11      0x1ac ./system/src/newlib/_startup.o
 .debug_abbrev  0x00000fbd       0xec ./system/src/newlib/_syscalls.o
 .debug_abbrev  0x000010a9       0xab ./system/src/newlib/assert.o
 .debug_abbrev  0x00001154      0x156 ./system/src/diag/Trace.o
 .debug_abbrev  0x000012aa      0x1c8 ./system/src/diag/trace_impl.o
 .debug_abbrev  0x00001472       0xea ./system/src/cortexm/_initialize_hardware.o
 .debug_abbrev  0x0000155c      0x247 ./system/src/cortexm/exception_handlers.o
 .debug_abbrev  0x000017a3      0x159 ./system/src/cmsis/system_stm32f10x.o
 .debug_abbrev  0x000018fc       0x9d ./system/src/cmsis/vectors_stm32f10x.o
 .debug_abbrev  0x00001999      0x1ac ./src/ds1307.o
 .debug_abbrev  0x00001b45      0x1b1 ./src/i2c.o
 .debug_abbrev  0x00001cf6      0x327 ./src/main.o
 .debug_abbrev  0x0000201d      0x116 ./src/milli-timer.o
 .debug_abbrev  0x00002133      0x117 ./src/systick-utils.o
 .debug_abbrev  0x0000224a      0x207 ./src/usart.o

.debug_line     0x00000000     0x9f3e
 *(.debug_line)
 .debug_line    0x00000000      0x3ea ./system/src/stm32f1-stdperiph/misc.o
 .debug_line    0x000003ea      0xaae ./system/src/stm32f1-stdperiph/stm32f10x_adc.o
 .debug_line    0x00000e98      0x8c7 ./system/src/stm32f1-stdperiph/stm32f10x_gpio.o
 .debug_line    0x0000175f      0x9d6 ./system/src/stm32f1-stdperiph/stm32f10x_i2c.o
 .debug_line    0x00002135      0x810 ./system/src/stm32f1-stdperiph/stm32f10x_rcc.o
 .debug_line    0x00002945     0x2514 ./system/src/stm32f1-stdperiph/stm32f10x_tim.o
 .debug_line    0x00004e59      0xaa9 ./system/src/stm32f1-stdperiph/stm32f10x_usart.o
 .debug_line    0x00005902      0x2a8 ./system/src/newlib/_exit.o
 .debug_line    0x00005baa      0x25a ./system/src/newlib/_sbrk.o
 .debug_line    0x00005e04      0x310 ./system/src/newlib/_startup.o
 .debug_line    0x00006114      0x350 ./system/src/newlib/_syscalls.o
 .debug_line    0x00006464      0x2e3 ./system/src/newlib/assert.o
 .debug_line    0x00006747      0x314 ./system/src/diag/Trace.o
 .debug_line    0x00006a5b      0x58e ./system/src/diag/trace_impl.o
 .debug_line    0x00006fe9      0x34e ./system/src/cortexm/_initialize_hardware.o
 .debug_line    0x00007337      0x638 ./system/src/cortexm/exception_handlers.o
 .debug_line    0x0000796f      0x3ae ./system/src/cmsis/system_stm32f10x.o
 .debug_line    0x00007d1d       0xde ./system/src/cmsis/vectors_stm32f10x.o
 .debug_line    0x00007dfb      0x522 ./src/ds1307.o
 .debug_line    0x0000831d      0x4a3 ./src/i2c.o
 .debug_line    0x000087c0      0xb4d ./src/main.o
 .debug_line    0x0000930d      0x39c ./src/milli-timer.o
 .debug_line    0x000096a9      0x361 ./src/systick-utils.o
 .debug_line    0x00009a0a      0x534 ./src/usart.o

.debug_frame    0x00000000     0x2d60
 *(.debug_frame)
 .debug_frame   0x00000000       0x90 ./system/src/stm32f1-stdperiph/misc.o
 .debug_frame   0x00000090      0x3d8 ./system/src/stm32f1-stdperiph/stm32f10x_adc.o
 .debug_frame   0x00000468      0x1e8 ./system/src/stm32f1-stdperiph/stm32f10x_gpio.o
 .debug_frame   0x00000650      0x3a0 ./system/src/stm32f1-stdperiph/stm32f10x_i2c.o
 .debug_frame   0x000009f0      0x31c ./system/src/stm32f1-stdperiph/stm32f10x_rcc.o
 .debug_frame   0x00000d0c      0x9ec ./system/src/stm32f1-stdperiph/stm32f10x_tim.o
 .debug_frame   0x000016f8      0x31c ./system/src/stm32f1-stdperiph/stm32f10x_usart.o
 .debug_frame   0x00001a14       0x38 ./system/src/newlib/_exit.o
 .debug_frame   0x00001a4c       0x28 ./system/src/newlib/_sbrk.o
 .debug_frame   0x00001a74       0x7c ./system/src/newlib/_startup.o
 .debug_frame   0x00001af0       0x50 ./system/src/newlib/_syscalls.o
 .debug_frame   0x00001b40       0x40 ./system/src/newlib/assert.o
 .debug_frame   0x00001b80       0x94 ./system/src/diag/Trace.o
 .debug_frame   0x00001c14       0x60 ./system/src/diag/trace_impl.o
 .debug_frame   0x00001c74       0x40 ./system/src/cortexm/_initialize_hardware.o
 .debug_frame   0x00001cb4      0x158 ./system/src/cortexm/exception_handlers.o
 .debug_frame   0x00001e0c       0x68 ./system/src/cmsis/system_stm32f10x.o
 .debug_frame   0x00001e74       0x20 ./system/src/cmsis/vectors_stm32f10x.o
 .debug_frame   0x00001e94      0x2e0 ./src/ds1307.o
 .debug_frame   0x00002174      0x1a8 ./src/i2c.o
 .debug_frame   0x0000231c      0x378 ./src/main.o
 .debug_frame   0x00002694       0x80 ./src/milli-timer.o
 .debug_frame   0x00002714       0x5c ./src/systick-utils.o
 .debug_frame   0x00002770       0xf4 ./src/usart.o
 .debug_frame   0x00002864       0x4c e:/projektai/armgcc/bin/../lib/gcc/arm-none-eabi/5.4.1/../../../../arm-none-eabi/lib/armv7-m\libm.a(lib_a-w_pow.o)
 .debug_frame   0x000028b0       0x68 e:/projektai/armgcc/bin/../lib/gcc/arm-none-eabi/5.4.1/../../../../arm-none-eabi/lib/armv7-m\libm.a(lib_a-e_pow.o)
 .debug_frame   0x00002918       0x30 e:/projektai/armgcc/bin/../lib/gcc/arm-none-eabi/5.4.1/../../../../arm-none-eabi/lib/armv7-m\libm.a(lib_a-e_sqrt.o)
 .debug_frame   0x00002948       0x20 e:/projektai/armgcc/bin/../lib/gcc/arm-none-eabi/5.4.1/../../../../arm-none-eabi/lib/armv7-m\libm.a(lib_a-s_fabs.o)
 .debug_frame   0x00002968       0x20 e:/projektai/armgcc/bin/../lib/gcc/arm-none-eabi/5.4.1/../../../../arm-none-eabi/lib/armv7-m\libm.a(lib_a-s_finite.o)
 .debug_frame   0x00002988       0x20 e:/projektai/armgcc/bin/../lib/gcc/arm-none-eabi/5.4.1/../../../../arm-none-eabi/lib/armv7-m\libm.a(lib_a-s_matherr.o)
 .debug_frame   0x000029a8       0x20 e:/projektai/armgcc/bin/../lib/gcc/arm-none-eabi/5.4.1/../../../../arm-none-eabi/lib/armv7-m\libm.a(lib_a-s_nan.o)
 .debug_frame   0x000029c8       0x3c e:/projektai/armgcc/bin/../lib/gcc/arm-none-eabi/5.4.1/../../../../arm-none-eabi/lib/armv7-m\libm.a(lib_a-s_rint.o)
 .debug_frame   0x00002a04       0x30 e:/projektai/armgcc/bin/../lib/gcc/arm-none-eabi/5.4.1/../../../../arm-none-eabi/lib/armv7-m\libm.a(lib_a-s_scalbn.o)
 .debug_frame   0x00002a34       0x20 e:/projektai/armgcc/bin/../lib/gcc/arm-none-eabi/5.4.1/../../../../arm-none-eabi/lib/armv7-m\libm.a(lib_a-s_copysign.o)
 .debug_frame   0x00002a54       0x20 e:/projektai/armgcc/bin/../lib/gcc/arm-none-eabi/5.4.1/../../../../arm-none-eabi/lib/armv7-m\libg_nano.a(lib_a-errno.o)
 .debug_frame   0x00002a74       0x20 e:/projektai/armgcc/bin/../lib/gcc/arm-none-eabi/5.4.1/../../../../arm-none-eabi/lib/armv7-m\libg_nano.a(lib_a-memset.o)
 .debug_frame   0x00002a94       0x48 e:/projektai/armgcc/bin/../lib/gcc/arm-none-eabi/5.4.1/../../../../arm-none-eabi/lib/armv7-m\libg_nano.a(lib_a-vsnprintf.o)
 .debug_frame   0x00002adc       0x90 e:/projektai/armgcc/bin/../lib/gcc/arm-none-eabi/5.4.1/../../../../arm-none-eabi/lib/armv7-m\libg_nano.a(lib_a-nano-svfprintf.o)
 .debug_frame   0x00002b6c       0x60 e:/projektai/armgcc/bin/../lib/gcc/arm-none-eabi/5.4.1/../../../../arm-none-eabi/lib/armv7-m\libg_nano.a(lib_a-nano-vfprintf_i.o)
 .debug_frame   0x00002bcc       0x28 e:/projektai/armgcc/bin/../lib/gcc/arm-none-eabi/5.4.1/../../../../arm-none-eabi/lib/armv7-m\libg_nano.a(lib_a-memchr-stub.o)
 .debug_frame   0x00002bf4       0x28 e:/projektai/armgcc/bin/../lib/gcc/arm-none-eabi/5.4.1/../../../../arm-none-eabi/lib/armv7-m\libg_nano.a(lib_a-memcpy-stub.o)
 .debug_frame   0x00002c1c       0x28 e:/projektai/armgcc/bin/../lib/gcc/arm-none-eabi/5.4.1/../../../../arm-none-eabi/lib/armv7-m\libg_nano.a(lib_a-memmove.o)
 .debug_frame   0x00002c44       0x38 e:/projektai/armgcc/bin/../lib/gcc/arm-none-eabi/5.4.1/../../../../arm-none-eabi/lib/armv7-m\libg_nano.a(lib_a-nano-freer.o)
 .debug_frame   0x00002c7c       0x2c e:/projektai/armgcc/bin/../lib/gcc/arm-none-eabi/5.4.1/../../../../arm-none-eabi/lib/armv7-m\libg_nano.a(lib_a-nano-mallocr.o)
 .debug_frame   0x00002ca8       0x3c e:/projektai/armgcc/bin/../lib/gcc/arm-none-eabi/5.4.1/../../../../arm-none-eabi/lib/armv7-m\libg_nano.a(lib_a-nano-reallocr.o)
 .debug_frame   0x00002ce4       0x2c e:/projektai/armgcc/bin/../lib/gcc/arm-none-eabi/5.4.1/../../../../arm-none-eabi/lib/armv7-m\libg_nano.a(lib_a-sbrkr.o)
 .debug_frame   0x00002d10       0x30 e:/projektai/armgcc/bin/../lib/gcc/arm-none-eabi/5.4.1/../../../../arm-none-eabi/lib/armv7-m\libg_nano.a(lib_a-mlock.o)
 .debug_frame   0x00002d40       0x20 e:/projektai/armgcc/bin/../lib/gcc/arm-none-eabi/5.4.1/../../../../arm-none-eabi/lib/armv7-m\libg_nano.a(lib_a-nano-msizer.o)

.debug_str      0x00000000    0x59eb4
 *(.debug_str)
 .debug_str     0x00000000    0x4e018 ./system/src/stm32f1-stdperiph/misc.o
                              0x4e1a3 (size before relaxing)
 .debug_str     0x0004e018      0xb84 ./system/src/stm32f1-stdperiph/stm32f10x_adc.o
                              0x4eafd (size before relaxing)
 .debug_str     0x0004eb9c      0x5ac ./system/src/stm32f1-stdperiph/stm32f10x_gpio.o
                              0x4e521 (size before relaxing)
 .debug_str     0x0004f148      0x90e ./system/src/stm32f1-stdperiph/stm32f10x_i2c.o
                              0x4e8d5 (size before relaxing)
 .debug_str     0x0004fa56      0xaaa ./system/src/stm32f1-stdperiph/stm32f10x_rcc.o
                              0x4eaf0 (size before relaxing)
 .debug_str     0x00050500      0xbf5 ./system/src/stm32f1-stdperiph/stm32f10x_tim.o
                              0x4ec3c (size before relaxing)
 .debug_str     0x000510f5      0x7f1 ./system/src/stm32f1-stdperiph/stm32f10x_usart.o
                              0x4e85a (size before relaxing)
 .debug_str     0x000518e6     0x482f ./system/src/newlib/_exit.o
                               0x6e9f (size before relaxing)
 .debug_str     0x00056115      0x4de ./system/src/newlib/_sbrk.o
                               0x628a (size before relaxing)
 .debug_str     0x000565f3      0x25b ./system/src/newlib/_startup.o
                               0x5e3f (size before relaxing)
 .debug_str     0x0005684e      0xe18 ./system/src/newlib/_syscalls.o
                               0x70ea (size before relaxing)
 .debug_str     0x00057666       0xd5 ./system/src/newlib/assert.o
                               0x79a4 (size before relaxing)
 .debug_str     0x0005773b      0x883 ./system/src/diag/Trace.o
                               0x768f (size before relaxing)
 .debug_str     0x00057fbe      0x381 ./system/src/diag/trace_impl.o
                              0x51e51 (size before relaxing)
 .debug_str     0x0005833f       0x5e ./system/src/cortexm/_initialize_hardware.o
                              0x4e00b (size before relaxing)
 .debug_str     0x0005839d      0x19d ./system/src/cortexm/exception_handlers.o
                              0x52c13 (size before relaxing)
 .debug_str     0x0005853a       0xa6 ./system/src/cmsis/system_stm32f10x.o
                              0x4e0b5 (size before relaxing)
 .debug_str     0x000585e0       0x57 ./system/src/cmsis/vectors_stm32f10x.o
                               0x305a (size before relaxing)
 .debug_str     0x00058637      0x43d ./src/ds1307.o
                              0x4e370 (size before relaxing)
 .debug_str     0x00058a74       0xe3 ./src/i2c.o
                              0x4e3c6 (size before relaxing)
 .debug_str     0x00058b57     0x11eb ./src/main.o
                              0x539bd (size before relaxing)
 .debug_str     0x00059d42       0x48 ./src/milli-timer.o
                              0x4dfca (size before relaxing)
 .debug_str     0x00059d8a       0x36 ./src/systick-utils.o
                              0x4dfb3 (size before relaxing)
 .debug_str     0x00059dc0       0xf4 ./src/usart.o
                              0x5131d (size before relaxing)

.debug_loc      0x00000000     0x8a3f
 *(.debug_loc)
 .debug_loc     0x00000000      0x1b5 ./system/src/stm32f1-stdperiph/misc.o
 .debug_loc     0x000001b5     0x1009 ./system/src/stm32f1-stdperiph/stm32f10x_adc.o
 .debug_loc     0x000011be      0x776 ./system/src/stm32f1-stdperiph/stm32f10x_gpio.o
 .debug_loc     0x00001934      0xd08 ./system/src/stm32f1-stdperiph/stm32f10x_i2c.o
 .debug_loc     0x0000263c      0x91f ./system/src/stm32f1-stdperiph/stm32f10x_rcc.o
 .debug_loc     0x00002f5b     0x2974 ./system/src/stm32f1-stdperiph/stm32f10x_tim.o
 .debug_loc     0x000058cf      0xbf9 ./system/src/stm32f1-stdperiph/stm32f10x_usart.o
 .debug_loc     0x000064c8       0x82 ./system/src/newlib/_sbrk.o
 .debug_loc     0x0000654a      0x265 ./system/src/newlib/_startup.o
 .debug_loc     0x000067af       0x63 ./system/src/newlib/_syscalls.o
 .debug_loc     0x00006812      0x110 ./system/src/newlib/assert.o
 .debug_loc     0x00006922      0x102 ./system/src/diag/Trace.o
 .debug_loc     0x00006a24      0x17c ./system/src/diag/trace_impl.o
 .debug_loc     0x00006ba0      0x2a8 ./system/src/cortexm/exception_handlers.o
 .debug_loc     0x00006e48       0xdf ./system/src/cmsis/system_stm32f10x.o
 .debug_loc     0x00006f27      0x529 ./src/ds1307.o
 .debug_loc     0x00007450      0x3e5 ./src/i2c.o
 .debug_loc     0x00007835      0xf5d ./src/main.o
 .debug_loc     0x00008792      0x1a7 ./src/milli-timer.o
 .debug_loc     0x00008939       0x1e ./src/systick-utils.o
 .debug_loc     0x00008957       0xe8 ./src/usart.o

.debug_macinfo
 *(.debug_macinfo)

.debug_weaknames
 *(.debug_weaknames)

.debug_funcnames
 *(.debug_funcnames)

.debug_typenames
 *(.debug_typenames)

.debug_varnames
 *(.debug_varnames)
OUTPUT(LED MATRIX.elf elf32-littlearm)

.debug_ranges   0x00000000      0xd08
 .debug_ranges  0x00000000       0x30 ./system/src/stm32f1-stdperiph/misc.o
 .debug_ranges  0x00000030      0x128 ./system/src/stm32f1-stdperiph/stm32f10x_adc.o
 .debug_ranges  0x00000158       0x98 ./system/src/stm32f1-stdperiph/stm32f10x_gpio.o
 .debug_ranges  0x000001f0      0x110 ./system/src/stm32f1-stdperiph/stm32f10x_i2c.o
 .debug_ranges  0x00000300      0x108 ./system/src/stm32f1-stdperiph/stm32f10x_rcc.o
 .debug_ranges  0x00000408      0x2e0 ./system/src/stm32f1-stdperiph/stm32f10x_tim.o
 .debug_ranges  0x000006e8       0xf0 ./system/src/stm32f1-stdperiph/stm32f10x_usart.o
 .debug_ranges  0x000007d8       0x18 ./system/src/newlib/_exit.o
 .debug_ranges  0x000007f0       0x10 ./system/src/newlib/_sbrk.o
 .debug_ranges  0x00000800       0x48 ./system/src/newlib/_startup.o
 .debug_ranges  0x00000848       0x20 ./system/src/newlib/_syscalls.o
 .debug_ranges  0x00000868       0x18 ./system/src/newlib/assert.o
 .debug_ranges  0x00000880       0x28 ./system/src/diag/Trace.o
 .debug_ranges  0x000008a8       0x38 ./system/src/diag/trace_impl.o
 .debug_ranges  0x000008e0       0x18 ./system/src/cortexm/_initialize_hardware.o
 .debug_ranges  0x000008f8       0x98 ./system/src/cortexm/exception_handlers.o
 .debug_ranges  0x00000990       0x28 ./system/src/cmsis/system_stm32f10x.o
 .debug_ranges  0x000009b8       0x10 ./system/src/cmsis/vectors_stm32f10x.o
 .debug_ranges  0x000009c8       0xe8 ./src/ds1307.o
 .debug_ranges  0x00000ab0       0x80 ./src/i2c.o
 .debug_ranges  0x00000b30      0x110 ./src/main.o
 .debug_ranges  0x00000c40       0x48 ./src/milli-timer.o
 .debug_ranges  0x00000c88       0x28 ./src/systick-utils.o
 .debug_ranges  0x00000cb0       0x58 ./src/usart.o

.debug_macro    0x00000000    0x11d90
 .debug_macro   0x00000000      0x171 ./system/src/stm32f1-stdperiph/misc.o
 .debug_macro   0x00000171      0x88c ./system/src/stm32f1-stdperiph/misc.o
 .debug_macro   0x000009fd       0x50 ./system/src/stm32f1-stdperiph/misc.o
 .debug_macro   0x00000a4d      0x34e ./system/src/stm32f1-stdperiph/misc.o
 .debug_macro   0x00000d9b       0x35 ./system/src/stm32f1-stdperiph/misc.o
 .debug_macro   0x00000dd0       0x34 ./system/src/stm32f1-stdperiph/misc.o
 .debug_macro   0x00000e04      0xb8e ./system/src/stm32f1-stdperiph/misc.o
 .debug_macro   0x00001992     0x7dbe ./system/src/stm32f1-stdperiph/misc.o
 .debug_macro   0x00009750      0x2e4 ./system/src/stm32f1-stdperiph/misc.o
 .debug_macro   0x00009a34      0x144 ./system/src/stm32f1-stdperiph/misc.o
 .debug_macro   0x00009b78      0x3cf ./system/src/stm32f1-stdperiph/misc.o
 .debug_macro   0x00009f47       0xc8 ./system/src/stm32f1-stdperiph/misc.o
 .debug_macro   0x0000a00f      0x17a ./system/src/stm32f1-stdperiph/misc.o
 .debug_macro   0x0000a189       0xac ./system/src/stm32f1-stdperiph/misc.o
 .debug_macro   0x0000a235      0x3ad ./system/src/stm32f1-stdperiph/misc.o
 .debug_macro   0x0000a5e2       0x9d ./system/src/stm32f1-stdperiph/misc.o
 .debug_macro   0x0000a67f      0x2cf ./system/src/stm32f1-stdperiph/misc.o
 .debug_macro   0x0000a94e      0x279 ./system/src/stm32f1-stdperiph/misc.o
 .debug_macro   0x0000abc7      0x2ac ./system/src/stm32f1-stdperiph/misc.o
 .debug_macro   0x0000ae73      0x2b4 ./system/src/stm32f1-stdperiph/misc.o
 .debug_macro   0x0000b127       0x64 ./system/src/stm32f1-stdperiph/misc.o
 .debug_macro   0x0000b18b       0x82 ./system/src/stm32f1-stdperiph/misc.o
 .debug_macro   0x0000b20d      0x3e2 ./system/src/stm32f1-stdperiph/misc.o
 .debug_macro   0x0000b5ef       0x58 ./system/src/stm32f1-stdperiph/misc.o
 .debug_macro   0x0000b647      0x344 ./system/src/stm32f1-stdperiph/misc.o
 .debug_macro   0x0000b98b      0x2c4 ./system/src/stm32f1-stdperiph/misc.o
 .debug_macro   0x0000bc4f      0x711 ./system/src/stm32f1-stdperiph/misc.o
 .debug_macro   0x0000c360      0x222 ./system/src/stm32f1-stdperiph/misc.o
 .debug_macro   0x0000c582       0x34 ./system/src/stm32f1-stdperiph/misc.o
 .debug_macro   0x0000c5b6       0x35 ./system/src/stm32f1-stdperiph/misc.o
 .debug_macro   0x0000c5eb       0x85 ./system/src/stm32f1-stdperiph/misc.o
 .debug_macro   0x0000c670      0x269 ./system/src/stm32f1-stdperiph/stm32f10x_adc.o
 .debug_macro   0x0000c8d9      0x13e ./system/src/stm32f1-stdperiph/stm32f10x_adc.o
 .debug_macro   0x0000ca17       0x8b ./system/src/stm32f1-stdperiph/stm32f10x_adc.o
 .debug_macro   0x0000caa2      0x1b9 ./system/src/stm32f1-stdperiph/stm32f10x_gpio.o
 .debug_macro   0x0000cc5b      0x2a6 ./system/src/stm32f1-stdperiph/stm32f10x_gpio.o
 .debug_macro   0x0000cf01      0x23d ./system/src/stm32f1-stdperiph/stm32f10x_i2c.o
 .debug_macro   0x0000d13e      0x2ae ./system/src/stm32f1-stdperiph/stm32f10x_i2c.o
 .debug_macro   0x0000d3ec      0x287 ./system/src/stm32f1-stdperiph/stm32f10x_rcc.o
 .debug_macro   0x0000d673      0x3dc ./system/src/stm32f1-stdperiph/stm32f10x_rcc.o
 .debug_macro   0x0000da4f      0x183 ./system/src/stm32f1-stdperiph/stm32f10x_tim.o
 .debug_macro   0x0000dbd2      0x70b ./system/src/stm32f1-stdperiph/stm32f10x_tim.o
 .debug_macro   0x0000e2dd      0x21f ./system/src/stm32f1-stdperiph/stm32f10x_usart.o
 .debug_macro   0x0000e4fc      0x21c ./system/src/stm32f1-stdperiph/stm32f10x_usart.o
 .debug_macro   0x0000e718      0x19c ./system/src/newlib/_exit.o
 .debug_macro   0x0000e8b4       0x9c ./system/src/newlib/_exit.o
 .debug_macro   0x0000e950      0x10e ./system/src/newlib/_exit.o
 .debug_macro   0x0000ea5e       0x8d ./system/src/newlib/_exit.o
 .debug_macro   0x0000eaeb       0x43 ./system/src/newlib/_exit.o
 .debug_macro   0x0000eb2e      0x30d ./system/src/newlib/_exit.o
 .debug_macro   0x0000ee3b       0x35 ./system/src/newlib/_exit.o
 .debug_macro   0x0000ee70      0x151 ./system/src/newlib/_sbrk.o
 .debug_macro   0x0000efc1      0x174 ./system/src/newlib/_sbrk.o
 .debug_macro   0x0000f135       0x10 ./system/src/newlib/_sbrk.o
 .debug_macro   0x0000f145      0x23b ./system/src/newlib/_sbrk.o
 .debug_macro   0x0000f380      0x15b ./system/src/newlib/_startup.o
 .debug_macro   0x0000f4db      0x1ff ./system/src/newlib/_syscalls.o
 .debug_macro   0x0000f6da       0x1c ./system/src/newlib/_syscalls.o
 .debug_macro   0x0000f6f6       0x10 ./system/src/newlib/_syscalls.o
 .debug_macro   0x0000f706       0x10 ./system/src/newlib/_syscalls.o
 .debug_macro   0x0000f716       0x10 ./system/src/newlib/_syscalls.o
 .debug_macro   0x0000f726       0x35 ./system/src/newlib/_syscalls.o
 .debug_macro   0x0000f75b      0x122 ./system/src/newlib/_syscalls.o
 .debug_macro   0x0000f87d       0x88 ./system/src/newlib/_syscalls.o
 .debug_macro   0x0000f905       0x2b ./system/src/newlib/_syscalls.o
 .debug_macro   0x0000f930      0x118 ./system/src/newlib/_syscalls.o
 .debug_macro   0x0000fa48      0x159 ./system/src/newlib/_syscalls.o
 .debug_macro   0x0000fba1       0x16 ./system/src/newlib/_syscalls.o
 .debug_macro   0x0000fbb7      0x1b8 ./system/src/newlib/assert.o
 .debug_macro   0x0000fd6f       0x1c ./system/src/newlib/assert.o
 .debug_macro   0x0000fd8b      0x1d9 ./system/src/diag/Trace.o
 .debug_macro   0x0000ff64       0x16 ./system/src/diag/Trace.o
 .debug_macro   0x0000ff7a       0x97 ./system/src/diag/Trace.o
 .debug_macro   0x00010011       0xfd ./system/src/diag/Trace.o
 .debug_macro   0x0001010e       0x10 ./system/src/diag/Trace.o
 .debug_macro   0x0001011e       0x16 ./system/src/diag/Trace.o
 .debug_macro   0x00010134      0x18b ./system/src/diag/Trace.o
 .debug_macro   0x000102bf       0x4c ./system/src/diag/Trace.o
 .debug_macro   0x0001030b       0x16 ./system/src/diag/Trace.o
 .debug_macro   0x00010321      0x2c2 ./system/src/diag/trace_impl.o
 .debug_macro   0x000105e3       0x10 ./system/src/diag/trace_impl.o
 .debug_macro   0x000105f3       0xcf ./system/src/diag/trace_impl.o
 .debug_macro   0x000106c2       0xbe ./system/src/diag/trace_impl.o
 .debug_macro   0x00010780       0x22 ./system/src/diag/trace_impl.o
 .debug_macro   0x000107a2      0x16b ./system/src/cortexm/_initialize_hardware.o
 .debug_macro   0x0001090d      0x302 ./system/src/cortexm/exception_handlers.o
 .debug_macro   0x00010c0f       0x3b ./system/src/cortexm/exception_handlers.o
 .debug_macro   0x00010c4a       0x10 ./system/src/cortexm/exception_handlers.o
 .debug_macro   0x00010c5a      0x16e ./system/src/cmsis/system_stm32f10x.o
 .debug_macro   0x00010dc8       0x34 ./system/src/cmsis/vectors_stm32f10x.o
 .debug_macro   0x00010dfc      0x179 ./src/ds1307.o
 .debug_macro   0x00010f75       0x2e ./src/ds1307.o
 .debug_macro   0x00010fa3       0x82 ./src/ds1307.o
 .debug_macro   0x00011025      0x170 ./src/i2c.o
 .debug_macro   0x00011195       0x28 ./src/i2c.o
 .debug_macro   0x000111bd      0x3c2 ./src/main.o
 .debug_macro   0x0001157f      0x1e1 ./src/main.o
 .debug_macro   0x00011760       0x82 ./src/main.o
 .debug_macro   0x000117e2       0x10 ./src/main.o
 .debug_macro   0x000117f2       0x16 ./src/main.o
 .debug_macro   0x00011808       0x1c ./src/main.o
 .debug_macro   0x00011824       0x2e ./src/main.o
 .debug_macro   0x00011852      0x174 ./src/milli-timer.o
 .debug_macro   0x000119c6       0x10 ./src/milli-timer.o
 .debug_macro   0x000119d6      0x170 ./src/systick-utils.o
 .debug_macro   0x00011b46      0x24a ./src/usart.o
